stm32wbxx_ll_system.h:2221:26:LL_FLASH_GetUDN	4	static
stm32wbxx_ll_system.h:2233:26:LL_FLASH_GetDeviceID	4	static
stm32wbxx_ll_system.h:2245:26:LL_FLASH_GetSTCompanyID	4	static
app_ble.c:403:6:APP_BLE_Init	64	static
app_ble.c:515:28:SVCCTL_App_Notification	128	static
app_ble.c:1124:22:APP_BLE_Get_Client_Connection_Status	24	static
app_ble.c:1170:6:APP_BLE_Key_Button1_Action	8	static
app_ble.c:1175:6:APP_BLE_Key_Button2_Action	4	static
app_ble.c:1179:6:APP_BLE_Key_Button3_Action	4	static
app_ble.c:1189:13:Ble_Tl_Init	16	static
app_ble.c:1200:13:Ble_Hci_Gap_Gatt_Init	88	static
app_ble.c:1358:13:Scan_Request	16	static
app_ble.c:1403:13:Adv_Request	48	static
app_ble.c:1454:13:ConnReq1	48	static
app_ble.c:1502:13:ConnReq2	48	static
app_ble.c:1543:13:ConnReq3	48	static
app_ble.c:1583:13:ConnReq4	48	static
app_ble.c:1623:13:ConnReq5	48	static
app_ble.c:1662:13:ConnReq6	48	static
app_ble.c:1705:6:Evt_Notification	24	static
app_ble.c:1811:16:BleGetBdAddress	32	static
app_ble.c:1859:6:hci_notify_asynch_evt	16	static
app_ble.c:1865:6:hci_cmd_resp_release	16	static
app_ble.c:1871:6:hci_cmd_resp_wait	16	static
app_ble.c:1877:13:BLE_UserEvtRx	24	static
app_ble.c:1895:13:BLE_StatusNot	24	static
app_ble.c:1926:6:SVCCTL_ResumeUserEventFlow	8	static
