Archive member included to satisfy reference by file (symbol)

c:/st/stm32cubeide_1.4.0/stm32cubeide/plugins/com.st.stm32cube.ide.mcu.externaltools.gnu-tools-for-stm32.7-2018-q2-update.win32_1.4.0.202007081208/tools/bin/../lib/gcc/arm-none-eabi/7.3.1/../../../../arm-none-eabi/lib/thumb/v7e-m/fpv4-sp/hard\libc_nano.a(lib_a-errno.o)
                              Application/User/Core/syscalls.o (__errno)
c:/st/stm32cubeide_1.4.0/stm32cubeide/plugins/com.st.stm32cube.ide.mcu.externaltools.gnu-tools-for-stm32.7-2018-q2-update.win32_1.4.0.202007081208/tools/bin/../lib/gcc/arm-none-eabi/7.3.1/../../../../arm-none-eabi/lib/thumb/v7e-m/fpv4-sp/hard\libc_nano.a(lib_a-exit.o)
                              c:/st/stm32cubeide_1.4.0/stm32cubeide/plugins/com.st.stm32cube.ide.mcu.externaltools.gnu-tools-for-stm32.7-2018-q2-update.win32_1.4.0.202007081208/tools/bin/../lib/gcc/arm-none-eabi/7.3.1/../../../../arm-none-eabi/lib/thumb/v7e-m/fpv4-sp/hard/crt0.o (exit)
c:/st/stm32cubeide_1.4.0/stm32cubeide/plugins/com.st.stm32cube.ide.mcu.externaltools.gnu-tools-for-stm32.7-2018-q2-update.win32_1.4.0.202007081208/tools/bin/../lib/gcc/arm-none-eabi/7.3.1/../../../../arm-none-eabi/lib/thumb/v7e-m/fpv4-sp/hard\libc_nano.a(lib_a-impure.o)
                              c:/st/stm32cubeide_1.4.0/stm32cubeide/plugins/com.st.stm32cube.ide.mcu.externaltools.gnu-tools-for-stm32.7-2018-q2-update.win32_1.4.0.202007081208/tools/bin/../lib/gcc/arm-none-eabi/7.3.1/../../../../arm-none-eabi/lib/thumb/v7e-m/fpv4-sp/hard\libc_nano.a(lib_a-exit.o) (_global_impure_ptr)
c:/st/stm32cubeide_1.4.0/stm32cubeide/plugins/com.st.stm32cube.ide.mcu.externaltools.gnu-tools-for-stm32.7-2018-q2-update.win32_1.4.0.202007081208/tools/bin/../lib/gcc/arm-none-eabi/7.3.1/../../../../arm-none-eabi/lib/thumb/v7e-m/fpv4-sp/hard\libc_nano.a(lib_a-init.o)
                              c:/st/stm32cubeide_1.4.0/stm32cubeide/plugins/com.st.stm32cube.ide.mcu.externaltools.gnu-tools-for-stm32.7-2018-q2-update.win32_1.4.0.202007081208/tools/bin/../lib/gcc/arm-none-eabi/7.3.1/../../../../arm-none-eabi/lib/thumb/v7e-m/fpv4-sp/hard/crt0.o (__libc_init_array)
c:/st/stm32cubeide_1.4.0/stm32cubeide/plugins/com.st.stm32cube.ide.mcu.externaltools.gnu-tools-for-stm32.7-2018-q2-update.win32_1.4.0.202007081208/tools/bin/../lib/gcc/arm-none-eabi/7.3.1/../../../../arm-none-eabi/lib/thumb/v7e-m/fpv4-sp/hard\libc_nano.a(lib_a-memcmp.o)
                              Middlewares/STM32_WPAN/osal.o (memcmp)
c:/st/stm32cubeide_1.4.0/stm32cubeide/plugins/com.st.stm32cube.ide.mcu.externaltools.gnu-tools-for-stm32.7-2018-q2-update.win32_1.4.0.202007081208/tools/bin/../lib/gcc/arm-none-eabi/7.3.1/../../../../arm-none-eabi/lib/thumb/v7e-m/fpv4-sp/hard\libc_nano.a(lib_a-memcpy-stub.o)
                              Middlewares/STM32_WPAN/hci_tl.o (memcpy)
c:/st/stm32cubeide_1.4.0/stm32cubeide/plugins/com.st.stm32cube.ide.mcu.externaltools.gnu-tools-for-stm32.7-2018-q2-update.win32_1.4.0.202007081208/tools/bin/../lib/gcc/arm-none-eabi/7.3.1/../../../../arm-none-eabi/lib/thumb/v7e-m/fpv4-sp/hard\libc_nano.a(lib_a-memset.o)
                              c:/st/stm32cubeide_1.4.0/stm32cubeide/plugins/com.st.stm32cube.ide.mcu.externaltools.gnu-tools-for-stm32.7-2018-q2-update.win32_1.4.0.202007081208/tools/bin/../lib/gcc/arm-none-eabi/7.3.1/../../../../arm-none-eabi/lib/thumb/v7e-m/fpv4-sp/hard/crt0.o (memset)
c:/st/stm32cubeide_1.4.0/stm32cubeide/plugins/com.st.stm32cube.ide.mcu.externaltools.gnu-tools-for-stm32.7-2018-q2-update.win32_1.4.0.202007081208/tools/bin/../lib/gcc/arm-none-eabi/7.3.1/../../../../arm-none-eabi/lib/thumb/v7e-m/fpv4-sp/hard\libc_nano.a(lib_a-printf.o)
                              Application/User/STM32_WPAN/App/app_ble.o (printf)
c:/st/stm32cubeide_1.4.0/stm32cubeide/plugins/com.st.stm32cube.ide.mcu.externaltools.gnu-tools-for-stm32.7-2018-q2-update.win32_1.4.0.202007081208/tools/bin/../lib/gcc/arm-none-eabi/7.3.1/../../../../arm-none-eabi/lib/thumb/v7e-m/fpv4-sp/hard\libc_nano.a(lib_a-putchar.o)
                              Application/User/STM32_WPAN/App/p2p_routeur_app.o (putchar)
c:/st/stm32cubeide_1.4.0/stm32cubeide/plugins/com.st.stm32cube.ide.mcu.externaltools.gnu-tools-for-stm32.7-2018-q2-update.win32_1.4.0.202007081208/tools/bin/../lib/gcc/arm-none-eabi/7.3.1/../../../../arm-none-eabi/lib/thumb/v7e-m/fpv4-sp/hard\libc_nano.a(lib_a-puts.o)
                              Application/User/STM32_WPAN/App/app_ble.o (puts)
c:/st/stm32cubeide_1.4.0/stm32cubeide/plugins/com.st.stm32cube.ide.mcu.externaltools.gnu-tools-for-stm32.7-2018-q2-update.win32_1.4.0.202007081208/tools/bin/../lib/gcc/arm-none-eabi/7.3.1/../../../../arm-none-eabi/lib/thumb/v7e-m/fpv4-sp/hard\libc_nano.a(lib_a-strlen.o)
                              Application/User/STM32_WPAN/App/app_ble.o (strlen)
[...]
Memory Configuration

Name             Origin             Length             Attributes
FLASH            0x0000000008000000 0x0000000000080000 xr
RAM1             0x0000000020000004 0x000000000002fffc xrw
RAM_SHARED       0x0000000020030000 0x0000000000002800 xrw
*default*        0x0000000000000000 0xffffffffffffffff

Linker script and memory map

LOAD c:/st/stm32cubeide_1.4.0/stm32cubeide/plugins/com.st.stm32cube.ide.mcu.externaltools.gnu-tools-for-stm32.7-2018-q2-update.win32_1.4.0.202007081208/tools/bin/../lib/gcc/arm-none-eabi/7.3.1/thumb/v7e-m/fpv4-sp/hard/crti.o
LOAD c:/st/stm32cubeide_1.4.0/stm32cubeide/plugins/com.st.stm32cube.ide.mcu.externaltools.gnu-tools-for-stm32.7-2018-q2-update.win32_1.4.0.202007081208/tools/bin/../lib/gcc/arm-none-eabi/7.3.1/thumb/v7e-m/fpv4-sp/hard/crtbegin.o
LOAD c:/st/stm32cubeide_1.4.0/stm32cubeide/plugins/com.st.stm32cube.ide.mcu.externaltools.gnu-tools-for-stm32.7-2018-q2-update.win32_1.4.0.202007081208/tools/bin/../lib/gcc/arm-none-eabi/7.3.1/../../../../arm-none-eabi/lib/thumb/v7e-m/fpv4-sp/hard/crt0.o
LOAD Application/Startup/startup_stm32wb55rgvx.o
LOAD Application/User/Core/app_debug.o
LOAD Application/User/Core/app_entry.o
LOAD Application/User/Core/hw_timerserver.o
LOAD Application/User/Core/hw_uart.o
LOAD Application/User/Core/main.o
LOAD Application/User/Core/stm32_lpm_if.o
LOAD Application/User/Core/stm32wbxx_hal_msp.o
LOAD Application/User/Core/stm32wbxx_it.o
LOAD Application/User/Core/syscalls.o
LOAD Application/User/Core/sysmem.o
LOAD Application/User/STM32_WPAN/App/app_ble.o
LOAD Application/User/STM32_WPAN/App/p2p_routeur_app.o
LOAD Application/User/STM32_WPAN/Target/hw_ipcc.o
LOAD Drivers/BSP/P-NUCLEO-WB55.Nucleo/stm32wbxx_nucleo.o
LOAD Drivers/CMSIS/system_stm32wbxx.o
LOAD Drivers/STM32WBxx_HAL_Driver/stm32wbxx_hal.o
LOAD Drivers/STM32WBxx_HAL_Driver/stm32wbxx_hal_cortex.o
LOAD Drivers/STM32WBxx_HAL_Driver/stm32wbxx_hal_dma.o
LOAD Drivers/STM32WBxx_HAL_Driver/stm32wbxx_hal_dma_ex.o
LOAD Drivers/STM32WBxx_HAL_Driver/stm32wbxx_hal_flash.o
LOAD Drivers/STM32WBxx_HAL_Driver/stm32wbxx_hal_flash_ex.o
LOAD Drivers/STM32WBxx_HAL_Driver/stm32wbxx_hal_gpio.o
LOAD Drivers/STM32WBxx_HAL_Driver/stm32wbxx_hal_hsem.o
LOAD Drivers/STM32WBxx_HAL_Driver/stm32wbxx_hal_ipcc.o
LOAD Drivers/STM32WBxx_HAL_Driver/stm32wbxx_hal_pwr.o
LOAD Drivers/STM32WBxx_HAL_Driver/stm32wbxx_hal_pwr_ex.o
LOAD Drivers/STM32WBxx_HAL_Driver/stm32wbxx_hal_rcc.o
LOAD Drivers/STM32WBxx_HAL_Driver/stm32wbxx_hal_rcc_ex.o
LOAD Drivers/STM32WBxx_HAL_Driver/stm32wbxx_hal_rtc.o
LOAD Drivers/STM32WBxx_HAL_Driver/stm32wbxx_hal_rtc_ex.o
LOAD Drivers/STM32WBxx_HAL_Driver/stm32wbxx_hal_tim.o
LOAD Drivers/STM32WBxx_HAL_Driver/stm32wbxx_hal_tim_ex.o
LOAD Drivers/STM32WBxx_HAL_Driver/stm32wbxx_hal_uart.o
LOAD Drivers/STM32WBxx_HAL_Driver/stm32wbxx_hal_uart_ex.o
LOAD Middlewares/STM32_WPAN/ble_gap_aci.o
LOAD Middlewares/STM32_WPAN/ble_gatt_aci.o
LOAD Middlewares/STM32_WPAN/ble_hal_aci.o
LOAD Middlewares/STM32_WPAN/ble_hci_le.o
LOAD Middlewares/STM32_WPAN/ble_l2cap_aci.o
LOAD Middlewares/STM32_WPAN/dbg_trace.o
LOAD Middlewares/STM32_WPAN/eds_stm.o
LOAD Middlewares/STM32_WPAN/hci_tl.o
LOAD Middlewares/STM32_WPAN/hci_tl_if.o
LOAD Middlewares/STM32_WPAN/osal.o
LOAD Middlewares/STM32_WPAN/otp.o
LOAD Middlewares/STM32_WPAN/p2p_stm.o
LOAD Middlewares/STM32_WPAN/shci.o
LOAD Middlewares/STM32_WPAN/shci_tl.o
LOAD Middlewares/STM32_WPAN/shci_tl_if.o
LOAD Middlewares/STM32_WPAN/stm_list.o
LOAD Middlewares/STM32_WPAN/stm_queue.o
LOAD Middlewares/STM32_WPAN/svc_ctl.o
LOAD Middlewares/STM32_WPAN/tl_mbox.o
LOAD Utilities/stm32_lpm.o
LOAD Utilities/stm32_seq.o
START GROUP
LOAD c:/st/stm32cubeide_1.4.0/stm32cubeide/plugins/com.st.stm32cube.ide.mcu.externaltools.gnu-tools-for-stm32.7-2018-q2-update.win32_1.4.0.202007081208/tools/bin/../lib/gcc/arm-none-eabi/7.3.1/../../../../arm-none-eabi/lib/thumb/v7e-m/fpv4-sp/hard\libc_nano.a
LOAD c:/st/stm32cubeide_1.4.0/stm32cubeide/plugins/com.st.stm32cube.ide.mcu.externaltools.gnu-tools-for-stm32.7-2018-q2-update.win32_1.4.0.202007081208/tools/bin/../lib/gcc/arm-none-eabi/7.3.1/../../../../arm-none-eabi/lib/thumb/v7e-m/fpv4-sp/hard\libm.a
END GROUP
START GROUP
LOAD c:/st/stm32cubeide_1.4.0/stm32cubeide/plugins/com.st.stm32cube.ide.mcu.externaltools.gnu-tools-for-stm32.7-2018-q2-update.win32_1.4.0.202007081208/tools/bin/../lib/gcc/arm-none-eabi/7.3.1/thumb/v7e-m/fpv4-sp/hard\libgcc.a
LOAD c:/st/stm32cubeide_1.4.0/stm32cubeide/plugins/com.st.stm32cube.ide.mcu.externaltools.gnu-tools-for-stm32.7-2018-q2-update.win32_1.4.0.202007081208/tools/bin/../lib/gcc/arm-none-eabi/7.3.1/../../../../arm-none-eabi/lib/thumb/v7e-m/fpv4-sp/hard\libc_nano.a
END GROUP
START GROUP
LOAD c:/st/stm32cubeide_1.4.0/stm32cubeide/plugins/com.st.stm32cube.ide.mcu.externaltools.gnu-tools-for-stm32.7-2018-q2-update.win32_1.4.0.202007081208/tools/bin/../lib/gcc/arm-none-eabi/7.3.1/thumb/v7e-m/fpv4-sp/hard\libgcc.a
LOAD c:/st/stm32cubeide_1.4.0/stm32cubeide/plugins/com.st.stm32cube.ide.mcu.externaltools.gnu-tools-for-stm32.7-2018-q2-update.win32_1.4.0.202007081208/tools/bin/../lib/gcc/arm-none-eabi/7.3.1/../../../../arm-none-eabi/lib/thumb/v7e-m/fpv4-sp/hard\libc_nano.a
LOAD c:/st/stm32cubeide_1.4.0/stm32cubeide/plugins/com.st.stm32cube.ide.mcu.externaltools.gnu-tools-for-stm32.7-2018-q2-update.win32_1.4.0.202007081208/tools/bin/../lib/gcc/arm-none-eabi/7.3.1/../../../../arm-none-eabi/lib/thumb/v7e-m/fpv4-sp/hard\libnosys.a
END GROUP
START GROUP
LOAD c:/st/stm32cubeide_1.4.0/stm32cubeide/plugins/com.st.stm32cube.ide.mcu.externaltools.gnu-tools-for-stm32.7-2018-q2-update.win32_1.4.0.202007081208/tools/bin/../lib/gcc/arm-none-eabi/7.3.1/thumb/v7e-m/fpv4-sp/hard\libgcc.a
LOAD c:/st/stm32cubeide_1.4.0/stm32cubeide/plugins/com.st.stm32cube.ide.mcu.externaltools.gnu-tools-for-stm32.7-2018-q2-update.win32_1.4.0.202007081208/tools/bin/../lib/gcc/arm-none-eabi/7.3.1/../../../../arm-none-eabi/lib/thumb/v7e-m/fpv4-sp/hard\libc_nano.a
LOAD c:/st/stm32cubeide_1.4.0/stm32cubeide/plugins/com.st.stm32cube.ide.mcu.externaltools.gnu-tools-for-stm32.7-2018-q2-update.win32_1.4.0.202007081208/tools/bin/../lib/gcc/arm-none-eabi/7.3.1/../../../../arm-none-eabi/lib/thumb/v7e-m/fpv4-sp/hard\libnosys.a
END GROUP
LOAD c:/st/stm32cubeide_1.4.0/stm32cubeide/plugins/com.st.stm32cube.ide.mcu.externaltools.gnu-tools-for-stm32.7-2018-q2-update.win32_1.4.0.202007081208/tools/bin/../lib/gcc/arm-none-eabi/7.3.1/thumb/v7e-m/fpv4-sp/hard/crtend.o
LOAD c:/st/stm32cubeide_1.4.0/stm32cubeide/plugins/com.st.stm32cube.ide.mcu.externaltools.gnu-tools-for-stm32.7-2018-q2-update.win32_1.4.0.202007081208/tools/bin/../lib/gcc/arm-none-eabi/7.3.1/thumb/v7e-m/fpv4-sp/hard/crtn.o
                0x0000000020030000                _estack = 0x20030000
                0x0000000000000400                _Min_Heap_Size = 0x400
                0x0000000000001000                _Min_Stack_Size = 0x1000

.isr_vector     0x0000000008000000      0x13c
                0x0000000008000000                . = ALIGN (0x4)
 *(.isr_vector)
 .isr_vector    0x0000000008000000      0x13c Application/Startup/startup_stm32wb55rgvx.o
                0x0000000008000000                g_pfnVectors
                0x000000000800013c                . = ALIGN (0x4)

.text           0x0000000008000140     0xcdb0
                0x0000000008000140                . = ALIGN (0x4)
 *(.text)
 .text          0x0000000008000140       0x40 c:/st/stm32cubeide_1.4.0/stm32cubeide/plugins/com.st.stm32cube.ide.mcu.externaltools.gnu-tools-for-stm32.7-2018-q2-update.win32_1.4.0.202007081208/tools/bin/../lib/gcc/arm-none-eabi/7.3.1/thumb/v7e-m/fpv4-sp/hard/crtbegin.o
 .text          0x0000000008000180       0x10 c:/st/stm32cubeide_1.4.0/stm32cubeide/plugins/com.st.stm32cube.ide.mcu.externaltools.gnu-tools-for-stm32.7-2018-q2-update.win32_1.4.0.202007081208/tools/bin/../lib/gcc/arm-none-eabi/7.3.1/../../../../arm-none-eabi/lib/thumb/v7e-m/fpv4-sp/hard\libc_nano.a(lib_a-strlen.o)
                0x0000000008000180                strlen
 .text          0x0000000008000190       0xa0 c:/st/stm32cubeide_1.4.0/stm32cubeide/plugins/com.st.stm32cube.ide.mcu.externaltools.gnu-tools-for-stm32.7-2018-q2-update.win32_1.4.0.202007081208/tools/bin/../lib/gcc/arm-none-eabi/7.3.1/../../../../arm-none-eabi/lib/thumb/v7e-m/fpv4-sp/hard\libc_nano.a(lib_a-memchr.o)
                0x0000000008000190                memchr
 .text          0x0000000008000230       0x30 c:/st/stm32cubeide_1.4.0/stm32cubeide/plugins/com.st.stm32cube.ide.mcu.externaltools.gnu-tools-for-stm32.7-2018-q2-update.win32_1.4.0.202007081208/tools/bin/../lib/gcc/arm-none-eabi/7.3.1/thumb/v7e-m/fpv4-sp/hard\libgcc.a(_aeabi_uldivmod.o)
                0x0000000008000230                __aeabi_uldivmod
 .text          0x0000000008000260      0x2cc c:/st/stm32cubeide_1.4.0/stm32cubeide/plugins/com.st.stm32cube.ide.mcu.externaltools.gnu-tools-for-stm32.7-2018-q2-update.win32_1.4.0.202007081208/tools/bin/../lib/gcc/arm-none-eabi/7.3.1/thumb/v7e-m/fpv4-sp/hard\libgcc.a(_udivmoddi4.o)
                0x0000000008000260                __udivmoddi4
 .text          0x000000000800052c        0x4 c:/st/stm32cubeide_1.4.0/stm32cubeide/plugins/com.st.stm32cube.ide.mcu.externaltools.gnu-tools-for-stm32.7-2018-q2-update.win32_1.4.0.202007081208/tools/bin/../lib/gcc/arm-none-eabi/7.3.1/thumb/v7e-m/fpv4-sp/hard\libgcc.a(_dvmd_tls.o)
                0x000000000800052c                __aeabi_idiv0
                0x000000000800052c                __aeabi_ldiv0
 *(.text*)
 .text.data_initializers
                0x0000000008000530       0x18 Application/Startup/startup_stm32wb55rgvx.o
 .text.Reset_Handler
                0x0000000008000548       0x54 Application/Startup/startup_stm32wb55rgvx.o
                0x0000000008000548                Reset_Handler
 .text.Default_Handler
                0x000000000800059c        0x2 Application/Startup/startup_stm32wb55rgvx.o
                0x000000000800059c                RTC_Alarm_IRQHandler
                0x000000000800059c                EXTI2_IRQHandler
                0x000000000800059c                TIM1_CC_IRQHandler
                0x000000000800059c                TSC_IRQHandler
                0x000000000800059c                USB_HP_IRQHandler
                0x000000000800059c                EXTI3_IRQHandler
                0x000000000800059c                LPTIM2_IRQHandler
                0x000000000800059c                I2C3_ER_IRQHandler
                0x000000000800059c                EXTI0_IRQHandler
                0x000000000800059c                FPU_IRQHandler
                0x000000000800059c                TIM1_UP_TIM16_IRQHandler
                0x000000000800059c                AES1_IRQHandler
                0x000000000800059c                SPI1_IRQHandler
                0x000000000800059c                PWR_SOTF_BLEACT_802ACT_RFPHASE_IRQHandler
                0x000000000800059c                DMA2_Channel2_IRQHandler
                0x000000000800059c                ADC1_IRQHandler
                0x000000000800059c                PKA_IRQHandler
                0x000000000800059c                DMA1_Channel7_IRQHandler
                0x000000000800059c                LCD_IRQHandler
                0x000000000800059c                DMA2_Channel1_IRQHandler
                0x000000000800059c                QUADSPI_IRQHandler
                0x000000000800059c                I2C1_EV_IRQHandler
                0x000000000800059c                DMAMUX1_OVR_IRQHandler
                0x000000000800059c                DMA1_Channel6_IRQHandler
                0x000000000800059c                RCC_IRQHandler
                0x000000000800059c                DMA1_Channel1_IRQHandler
                0x000000000800059c                Default_Handler
                0x000000000800059c                DMA2_Channel7_IRQHandler
                0x000000000800059c                EXTI15_10_IRQHandler
                0x000000000800059c                C2SEV_PWR_C2H_IRQHandler
                0x000000000800059c                AES2_IRQHandler
                0x000000000800059c                I2C3_EV_IRQHandler
                0x000000000800059c                EXTI9_5_IRQHandler
                0x000000000800059c                PVD_PVM_IRQHandler
                0x000000000800059c                SPI2_IRQHandler
                0x000000000800059c                DMA2_Channel5_IRQHandler
                0x000000000800059c                CRS_IRQHandler
                0x000000000800059c                DMA1_Channel5_IRQHandler
                0x000000000800059c                USB_LP_IRQHandler
                0x000000000800059c                RNG_IRQHandler
                0x000000000800059c                TIM1_TRG_COM_TIM17_IRQHandler
                0x000000000800059c                TAMP_STAMP_LSECSS_IRQHandler
                0x000000000800059c                DMA1_Channel3_IRQHandler
                0x000000000800059c                COMP_IRQHandler
                0x000000000800059c                WWDG_IRQHandler
                0x000000000800059c                DMA2_Channel6_IRQHandler
                0x000000000800059c                TIM2_IRQHandler
                0x000000000800059c                TIM1_BRK_IRQHandler
                0x000000000800059c                EXTI1_IRQHandler
                0x000000000800059c                DMA1_Channel2_IRQHandler
                0x000000000800059c                FLASH_IRQHandler
                0x000000000800059c                I2C1_ER_IRQHandler
                0x000000000800059c                LPTIM1_IRQHandler
                0x000000000800059c                SAI1_IRQHandler
                0x000000000800059c                DMA2_Channel3_IRQHandler
 *fill*         0x000000000800059e        0x2 
 .text.LL_EXTI_EnableIT_32_63
                0x00000000080005a0       0x28 Application/User/Core/app_debug.o
 .text.LL_AHB2_GRP1_EnableClock
                0x00000000080005c8       0x32 Application/User/Core/app_debug.o
 .text.LL_C2_AHB2_GRP1_EnableClock
                0x00000000080005fa       0x38 Application/User/Core/app_debug.o
 .text.APPD_Init
                0x0000000008000632       0x24 Application/User/Core/app_debug.o
                0x0000000008000632                APPD_Init
 *fill*         0x0000000008000656        0x2 
 .text.APPD_EnableCPU2
                0x0000000008000658       0x38 Application/User/Core/app_debug.o
                0x0000000008000658                APPD_EnableCPU2
 .text.APPD_SetCPU2GpioConfig
                0x0000000008000690      0x140 Application/User/Core/app_debug.o
 .text.APPD_BleDtbCfg
                0x00000000080007d0        0xe Application/User/Core/app_debug.o
 .text.DbgOutputInit
                0x00000000080007de        0xc Application/User/Core/app_debug.o
                0x00000000080007de                DbgOutputInit
 .text.DbgOutputTraces
                0x00000000080007ea       0x22 Application/User/Core/app_debug.o
                0x00000000080007ea                DbgOutputTraces
 .text.LL_C2_PWR_SetPowerMode
                0x000000000800080c       0x2c Application/User/Core/app_entry.o
 .text.LL_RCC_SetClkAfterWakeFromStop
                0x0000000008000838       0x28 Application/User/Core/app_entry.o
 .text.APPE_Init
                0x0000000008000860       0x30 Application/User/Core/app_entry.o
                0x0000000008000860                APPE_Init
 .text.SystemPower_Config
                0x0000000008000890       0x1a Application/User/Core/app_entry.o
 *fill*         0x00000000080008aa        0x2 
 .text.appe_Tl_Init
                0x00000000080008ac       0x6c Application/User/Core/app_entry.o
 .text.APPE_SysStatusNot
                0x0000000008000918       0x16 Application/User/Core/app_entry.o
 .text.APPE_SysUserEvtRx
                0x000000000800092e       0x20 Application/User/Core/app_entry.o
 .text.Led_Init
                0x000000000800094e       0x20 Application/User/Core/app_entry.o
 .text.Button_Init
                0x000000000800096e       0x10 Application/User/Core/app_entry.o
 .text.UTIL_SEQ_Idle
                0x000000000800097e        0xe Application/User/Core/app_entry.o
                0x000000000800097e                UTIL_SEQ_Idle
 .text.UTIL_SEQ_EvtIdle
                0x000000000800098c       0x1a Application/User/Core/app_entry.o
                0x000000000800098c                UTIL_SEQ_EvtIdle
 .text.shci_notify_asynch_evt
                0x00000000080009a6       0x1a Application/User/Core/app_entry.o
                0x00000000080009a6                shci_notify_asynch_evt
 .text.shci_cmd_resp_release
                0x00000000080009c0       0x16 Application/User/Core/app_entry.o
                0x00000000080009c0                shci_cmd_resp_release
 .text.shci_cmd_resp_wait
                0x00000000080009d6       0x16 Application/User/Core/app_entry.o
                0x00000000080009d6                shci_cmd_resp_wait
 .text.HAL_GPIO_EXTI_Callback
                0x00000000080009ec       0x34 Application/User/Core/app_entry.o
                0x00000000080009ec                HAL_GPIO_EXTI_Callback
 .text.LL_EXTI_EnableIT_0_31
                0x0000000008000a20       0x28 Application/User/Core/hw_timerserver.o
 .text.LL_EXTI_EnableRisingTrig_0_31
                0x0000000008000a48       0x24 Application/User/Core/hw_timerserver.o
 .text.ReadRtcSsrValue
                0x0000000008000a6c       0x40 Application/User/Core/hw_timerserver.o
 .text.LinkTimerAfter
                0x0000000008000aac       0x8c Application/User/Core/hw_timerserver.o
 .text.LinkTimerBefore
                0x0000000008000b38       0xc0 Application/User/Core/hw_timerserver.o
 .text.linkTimer
                0x0000000008000bf8      0x154 Application/User/Core/hw_timerserver.o
 .text.UnlinkTimer
                0x0000000008000d4c      0x108 Application/User/Core/hw_timerserver.o
 .text.ReturnTimeElapsed
                0x0000000008000e54       0x80 Application/User/Core/hw_timerserver.o
 .text.RestartWakeupCounter
                0x0000000008000ed4       0xbc Application/User/Core/hw_timerserver.o
 .text.RescheduleTimerList
                0x0000000008000f90      0x13c Application/User/Core/hw_timerserver.o
 .text.HW_TS_RTC_Wakeup_Handler
                0x00000000080010cc      0x1a0 Application/User/Core/hw_timerserver.o
                0x00000000080010cc                HW_TS_RTC_Wakeup_Handler
 .text.HW_TS_Init
                0x000000000800126c      0x1c0 Application/User/Core/hw_timerserver.o
                0x000000000800126c                HW_TS_Init
 .text.HW_TS_Stop
                0x000000000800142c      0x114 Application/User/Core/hw_timerserver.o
                0x000000000800142c                HW_TS_Stop
 .text.HW_TS_Start
                0x0000000008001540      0x10c Application/User/Core/hw_timerserver.o
                0x0000000008001540                HW_TS_Start
 .text.HW_TS_RTC_Int_AppNot
                0x000000000800164c       0x1a Application/User/Core/hw_timerserver.o
                0x000000000800164c                HW_TS_RTC_Int_AppNot
 *fill*         0x0000000008001666        0x2 
 .text.HW_UART_Transmit_DMA
                0x0000000008001668       0x8c Application/User/Core/hw_uart.o
                0x0000000008001668                HW_UART_Transmit_DMA
 .text.HAL_UART_TxCpltCallback
                0x00000000080016f4       0x38 Application/User/Core/hw_uart.o
                0x00000000080016f4                HAL_UART_TxCpltCallback
 .text.LL_EXTI_DisableIT_0_31
                0x000000000800172c       0x2c Application/User/Core/main.o
 .text.LL_EXTI_DisableIT_32_63
                0x0000000008001758       0x2c Application/User/Core/main.o
 .text.LL_RCC_HSE_SetCapacitorTuning
                0x0000000008001784       0x3c Application/User/Core/main.o
 .text.LL_RCC_LSE_SetDriveCapability
                0x00000000080017c0       0x2c Application/User/Core/main.o
 .text.LL_RCC_ForceBackupDomainReset
                0x00000000080017ec       0x22 Application/User/Core/main.o
 .text.LL_RCC_ReleaseBackupDomainReset
                0x000000000800180e       0x22 Application/User/Core/main.o
 .text.LL_RCC_IsActiveFlag_PINRST
                0x0000000008001830       0x26 Application/User/Core/main.o
 .text.LL_RCC_IsActiveFlag_SFTRST
                0x0000000008001856       0x26 Application/User/Core/main.o
 .text.LL_AHB1_GRP1_EnableClock
                0x000000000800187c       0x32 Application/User/Core/main.o
 .text.LL_AHB2_GRP1_EnableClock
                0x00000000080018ae       0x32 Application/User/Core/main.o
 .text.LL_AHB3_GRP1_EnableClock
                0x00000000080018e0       0x32 Application/User/Core/main.o
 .text.LL_C1_IPCC_DisableTransmitChannel
                0x0000000008001912       0x24 Application/User/Core/main.o
 .text.LL_C1_IPCC_DisableReceiveChannel
                0x0000000008001936       0x22 Application/User/Core/main.o
 .text.LL_C2_IPCC_DisableTransmitChannel
                0x0000000008001958       0x24 Application/User/Core/main.o
 .text.LL_C2_IPCC_DisableReceiveChannel
                0x000000000800197c       0x22 Application/User/Core/main.o
 .text.LL_C1_IPCC_ClearFlag_CHx
                0x000000000800199e       0x1c Application/User/Core/main.o
 .text.LL_C2_IPCC_ClearFlag_CHx
                0x00000000080019ba       0x1c Application/User/Core/main.o
 *fill*         0x00000000080019d6        0x2 
 .text.LL_LPM_EnableSleep
                0x00000000080019d8       0x20 Application/User/Core/main.o
 .text.LL_RTC_EnableWriteProtection
                0x00000000080019f8       0x1a Application/User/Core/main.o
 .text.LL_RTC_DisableWriteProtection
                0x0000000008001a12       0x20 Application/User/Core/main.o
 .text.LL_RTC_WAKEUP_SetClock
                0x0000000008001a32       0x26 Application/User/Core/main.o
 .text.main     0x0000000008001a58       0x3a Application/User/Core/main.o
                0x0000000008001a58                main
 *fill*         0x0000000008001a92        0x2 
 .text.SystemClock_Config
                0x0000000008001a94      0x100 Application/User/Core/main.o
                0x0000000008001a94                SystemClock_Config
 .text.MX_USART1_UART_Init
                0x0000000008001b94       0x9c Application/User/Core/main.o
                0x0000000008001b94                MX_USART1_UART_Init
 .text.MX_RF_Init
                0x0000000008001c30        0xe Application/User/Core/main.o
 *fill*         0x0000000008001c3e        0x2 
 .text.MX_RTC_Init
                0x0000000008001c40       0x68 Application/User/Core/main.o
 .text.MX_DMA_Init
                0x0000000008001ca8       0x3a Application/User/Core/main.o
 .text.MX_GPIO_Init
                0x0000000008001ce2       0x1a Application/User/Core/main.o
 .text.PeriphClock_Config
                0x0000000008001cfc        0xe Application/User/Core/main.o
                0x0000000008001cfc                PeriphClock_Config
 .text.Config_HSE
                0x0000000008001d0a       0x28 Application/User/Core/main.o
 .text.Reset_Device
                0x0000000008001d32       0x10 Application/User/Core/main.o
 *fill*         0x0000000008001d42        0x2 
 .text.Reset_IPCC
                0x0000000008001d44       0x44 Application/User/Core/main.o
 .text.Reset_BackupDomain
                0x0000000008001d88       0x2e Application/User/Core/main.o
 .text.Init_Exti
                0x0000000008001db6       0x18 Application/User/Core/main.o
 .text.HAL_Delay
                0x0000000008001dce       0x48 Application/User/Core/main.o
                0x0000000008001dce                HAL_Delay
 .text.Error_Handler
                0x0000000008001e16        0xe Application/User/Core/main.o
                0x0000000008001e16                Error_Handler
 .text.LL_RCC_SetRTCClockSource
                0x0000000008001e24       0x2c Application/User/Core/stm32wbxx_hal_msp.o
 .text.LL_RCC_EnableRTC
                0x0000000008001e50       0x22 Application/User/Core/stm32wbxx_hal_msp.o
 .text.LL_AHB2_GRP1_EnableClock
                0x0000000008001e72       0x32 Application/User/Core/stm32wbxx_hal_msp.o
 .text.LL_AHB3_GRP1_EnableClock
                0x0000000008001ea4       0x32 Application/User/Core/stm32wbxx_hal_msp.o
 .text.LL_APB1_GRP1_EnableClock
                0x0000000008001ed6       0x32 Application/User/Core/stm32wbxx_hal_msp.o
 .text.LL_APB1_GRP2_EnableClock
                0x0000000008001f08       0x32 Application/User/Core/stm32wbxx_hal_msp.o
 .text.LL_APB2_GRP1_EnableClock
                0x0000000008001f3a       0x32 Application/User/Core/stm32wbxx_hal_msp.o
 .text.HAL_MspInit
                0x0000000008001f6c       0x20 Application/User/Core/stm32wbxx_hal_msp.o
                0x0000000008001f6c                HAL_MspInit
 .text.HAL_UART_MspInit
                0x0000000008001f8c      0x1ec Application/User/Core/stm32wbxx_hal_msp.o
                0x0000000008001f8c                HAL_UART_MspInit
 .text.HAL_RTC_MspInit
                0x0000000008002178       0x40 Application/User/Core/stm32wbxx_hal_msp.o
                0x0000000008002178                HAL_RTC_MspInit
 .text.NMI_Handler
                0x00000000080021b8        0xe Application/User/Core/stm32wbxx_it.o
                0x00000000080021b8                NMI_Handler
 .text.HardFault_Handler
                0x00000000080021c6        0x6 Application/User/Core/stm32wbxx_it.o
                0x00000000080021c6                HardFault_Handler
 .text.MemManage_Handler
                0x00000000080021cc        0x6 Application/User/Core/stm32wbxx_it.o
                0x00000000080021cc                MemManage_Handler
 .text.BusFault_Handler
                0x00000000080021d2        0x6 Application/User/Core/stm32wbxx_it.o
                0x00000000080021d2                BusFault_Handler
 .text.UsageFault_Handler
                0x00000000080021d8        0x6 Application/User/Core/stm32wbxx_it.o
                0x00000000080021d8                UsageFault_Handler
 .text.SVC_Handler
                0x00000000080021de        0xe Application/User/Core/stm32wbxx_it.o
                0x00000000080021de                SVC_Handler
 .text.DebugMon_Handler
                0x00000000080021ec        0xe Application/User/Core/stm32wbxx_it.o
                0x00000000080021ec                DebugMon_Handler
 .text.PendSV_Handler
                0x00000000080021fa        0xe Application/User/Core/stm32wbxx_it.o
                0x00000000080021fa                PendSV_Handler
 .text.SysTick_Handler
                0x0000000008002208        0xc Application/User/Core/stm32wbxx_it.o
                0x0000000008002208                SysTick_Handler
 .text.DMA1_Channel4_IRQHandler
                0x0000000008002214       0x14 Application/User/Core/stm32wbxx_it.o
                0x0000000008002214                DMA1_Channel4_IRQHandler
 .text.USART1_IRQHandler
                0x0000000008002228       0x14 Application/User/Core/stm32wbxx_it.o
                0x0000000008002228                USART1_IRQHandler
 .text.LPUART1_IRQHandler
                0x000000000800223c       0x14 Application/User/Core/stm32wbxx_it.o
                0x000000000800223c                LPUART1_IRQHandler
 .text.HSEM_IRQHandler
                0x0000000008002250        0xc Application/User/Core/stm32wbxx_it.o
                0x0000000008002250                HSEM_IRQHandler
 .text.DMA2_Channel4_IRQHandler
                0x000000000800225c       0x14 Application/User/Core/stm32wbxx_it.o
                0x000000000800225c                DMA2_Channel4_IRQHandler
 .text.EXTI4_IRQHandler
                0x0000000008002270        0xe Application/User/Core/stm32wbxx_it.o
                0x0000000008002270                EXTI4_IRQHandler
 .text.RTC_WKUP_IRQHandler
                0x000000000800227e        0xc Application/User/Core/stm32wbxx_it.o
                0x000000000800227e                RTC_WKUP_IRQHandler
 .text.IPCC_C1_TX_IRQHandler
                0x000000000800228a        0xc Application/User/Core/stm32wbxx_it.o
                0x000000000800228a                IPCC_C1_TX_IRQHandler
 .text.IPCC_C1_RX_IRQHandler
                0x0000000008002296        0xc Application/User/Core/stm32wbxx_it.o
                0x0000000008002296                IPCC_C1_RX_IRQHandler
 .text._read    0x00000000080022a2       0x3a Application/User/Core/syscalls.o
                0x00000000080022a2                _read
 .text._close   0x00000000080022dc       0x18 Application/User/Core/syscalls.o
                0x00000000080022dc                _close
 .text._fstat   0x00000000080022f4       0x20 Application/User/Core/syscalls.o
                0x00000000080022f4                _fstat
 .text._isatty  0x0000000008002314       0x16 Application/User/Core/syscalls.o
                0x0000000008002314                _isatty
 .text._lseek   0x000000000800232a       0x1a Application/User/Core/syscalls.o
                0x000000000800232a                _lseek
 .text._sbrk    0x0000000008002344       0x58 Application/User/Core/sysmem.o
                0x0000000008002344                _sbrk
 .text.LL_FLASH_GetUDN
                0x000000000800239c       0x18 Application/User/STM32_WPAN/App/app_ble.o
 .text.LL_FLASH_GetDeviceID
                0x00000000080023b4       0x18 Application/User/STM32_WPAN/App/app_ble.o
 .text.LL_FLASH_GetSTCompanyID
                0x00000000080023cc       0x18 Application/User/STM32_WPAN/App/app_ble.o
 .text.APP_BLE_Init
                0x00000000080023e4      0x13c Application/User/STM32_WPAN/App/app_ble.o
                0x00000000080023e4                APP_BLE_Init
 .text.SVCCTL_App_Notification
                0x0000000008002520      0xb88 Application/User/STM32_WPAN/App/app_ble.o
                0x0000000008002520                SVCCTL_App_Notification
 .text.APP_BLE_Get_Client_Connection_Status
                0x00000000080030a8       0xa4 Application/User/STM32_WPAN/App/app_ble.o
                0x00000000080030a8                APP_BLE_Get_Client_Connection_Status
 .text.APP_BLE_Key_Button1_Action
                0x000000000800314c       0x10 Application/User/STM32_WPAN/App/app_ble.o
                0x000000000800314c                APP_BLE_Key_Button1_Action
 .text.APP_BLE_Key_Button2_Action
                0x000000000800315c        0xe Application/User/STM32_WPAN/App/app_ble.o
                0x000000000800315c                APP_BLE_Key_Button2_Action
 .text.APP_BLE_Key_Button3_Action
                0x000000000800316a        0xe Application/User/STM32_WPAN/App/app_ble.o
                0x000000000800316a                APP_BLE_Key_Button3_Action
 .text.Ble_Tl_Init
                0x0000000008003178       0x2c Application/User/STM32_WPAN/App/app_ble.o
 .text.Ble_Hci_Gap_Gatt_Init
                0x00000000080031a4      0x1c4 Application/User/STM32_WPAN/App/app_ble.o
 .text.Scan_Request
                0x0000000008003368       0x8c Application/User/STM32_WPAN/App/app_ble.o
 .text.Adv_Request
                0x00000000080033f4       0x9c Application/User/STM32_WPAN/App/app_ble.o
 .text.ConnReq1
                0x0000000008003490       0x80 Application/User/STM32_WPAN/App/app_ble.o
 .text.ConnReq2
                0x0000000008003510       0x80 Application/User/STM32_WPAN/App/app_ble.o
 .text.ConnReq3
                0x0000000008003590       0x80 Application/User/STM32_WPAN/App/app_ble.o
 .text.ConnReq4
                0x0000000008003610       0x80 Application/User/STM32_WPAN/App/app_ble.o
 .text.ConnReq5
                0x0000000008003690       0x80 Application/User/STM32_WPAN/App/app_ble.o
 .text.ConnReq6
                0x0000000008003710       0x80 Application/User/STM32_WPAN/App/app_ble.o
 .text.Evt_Notification
                0x0000000008003790      0x160 Application/User/STM32_WPAN/App/app_ble.o
 .text.BleGetBdAddress
                0x00000000080038f0       0x88 Application/User/STM32_WPAN/App/app_ble.o
 .text.hci_notify_asynch_evt
                0x0000000008003978       0x1a Application/User/STM32_WPAN/App/app_ble.o
                0x0000000008003978                hci_notify_asynch_evt
 .text.hci_cmd_resp_release
                0x0000000008003992       0x16 Application/User/STM32_WPAN/App/app_ble.o
                0x0000000008003992                hci_cmd_resp_release
 .text.hci_cmd_resp_wait
                0x00000000080039a8       0x16 Application/User/STM32_WPAN/App/app_ble.o
                0x00000000080039a8                hci_cmd_resp_wait
 .text.BLE_UserEvtRx
                0x00000000080039be       0x38 Application/User/STM32_WPAN/App/app_ble.o
 .text.BLE_StatusNot
                0x00000000080039f6       0x3a Application/User/STM32_WPAN/App/app_ble.o
 .text.EDS_STM_App_Notification
                0x0000000008003a30       0x48 Application/User/STM32_WPAN/App/p2p_routeur_app.o
                0x0000000008003a30                EDS_STM_App_Notification
 .text.P2PS_STM_App_Notification
                0x0000000008003a78       0x98 Application/User/STM32_WPAN/App/p2p_routeur_app.o
                0x0000000008003a78                P2PS_STM_App_Notification
 .text.P2P_Router_APP_Init
                0x0000000008003b10       0x74 Application/User/STM32_WPAN/App/p2p_routeur_app.o
                0x0000000008003b10                P2P_Router_APP_Init
 .text.P2PR_APP_End_Device_Mgt_Connection_Update
                0x0000000008003b84       0xb4 Application/User/STM32_WPAN/App/p2p_routeur_app.o
                0x0000000008003b84                P2PR_APP_End_Device_Mgt_Connection_Update
 .text.P2P_Client_App_Notification
                0x0000000008003c38       0x78 Application/User/STM32_WPAN/App/p2p_routeur_app.o
                0x0000000008003c38                P2P_Client_App_Notification
 .text.P2P_Client_Init
                0x0000000008003cb0       0x48 Application/User/STM32_WPAN/App/p2p_routeur_app.o
                0x0000000008003cb0                P2P_Client_Init
 .text.P2PR_APP_Init
                0x0000000008003cf8       0x10 Application/User/STM32_WPAN/App/p2p_routeur_app.o
                0x0000000008003cf8                P2PR_APP_Init
 .text.Client_Update_Service
                0x0000000008003d08      0x198 Application/User/STM32_WPAN/App/p2p_routeur_app.o
 .text.Client_Update_Char
                0x0000000008003ea0       0x74 Application/User/STM32_WPAN/App/p2p_routeur_app.o
 .text.Client_Event_Handler
                0x0000000008003f14      0x5c0 Application/User/STM32_WPAN/App/p2p_routeur_app.o
 .text.LL_PWR_EnableBootC2
                0x00000000080044d4       0x20 Application/User/STM32_WPAN/Target/hw_ipcc.o
 .text.LL_C2_EXTI_EnableEvent_32_63
                0x00000000080044f4       0x28 Application/User/STM32_WPAN/Target/hw_ipcc.o
 .text.LL_EXTI_EnableRisingTrig_32_63
                0x000000000800451c       0x24 Application/User/STM32_WPAN/Target/hw_ipcc.o
 .text.LL_AHB3_GRP1_EnableClock
                0x0000000008004540       0x32 Application/User/STM32_WPAN/Target/hw_ipcc.o
 .text.LL_C1_IPCC_EnableIT_TXF
                0x0000000008004572       0x20 Application/User/STM32_WPAN/Target/hw_ipcc.o
 .text.LL_C1_IPCC_EnableIT_RXO
                0x0000000008004592       0x20 Application/User/STM32_WPAN/Target/hw_ipcc.o
 .text.LL_C1_IPCC_EnableTransmitChannel
                0x00000000080045b2       0x26 Application/User/STM32_WPAN/Target/hw_ipcc.o
 .text.LL_C1_IPCC_DisableTransmitChannel
                0x00000000080045d8       0x24 Application/User/STM32_WPAN/Target/hw_ipcc.o
 .text.LL_C1_IPCC_EnableReceiveChannel
                0x00000000080045fc       0x24 Application/User/STM32_WPAN/Target/hw_ipcc.o
 .text.LL_C1_IPCC_ClearFlag_CHx
                0x0000000008004620       0x1c Application/User/STM32_WPAN/Target/hw_ipcc.o
 .text.LL_C1_IPCC_SetFlag_CHx
                0x000000000800463c       0x1e Application/User/STM32_WPAN/Target/hw_ipcc.o
 .text.LL_C1_IPCC_IsActiveFlag_CHx
                0x000000000800465a       0x2a Application/User/STM32_WPAN/Target/hw_ipcc.o
 .text.LL_C2_IPCC_IsActiveFlag_CHx
                0x0000000008004684       0x2a Application/User/STM32_WPAN/Target/hw_ipcc.o
 *fill*         0x00000000080046ae        0x2 
 .text.HW_IPCC_Rx_Handler
                0x00000000080046b0       0x70 Application/User/STM32_WPAN/Target/hw_ipcc.o
                0x00000000080046b0                HW_IPCC_Rx_Handler
 .text.HW_IPCC_Tx_Handler
                0x0000000008004720       0x94 Application/User/STM32_WPAN/Target/hw_ipcc.o
                0x0000000008004720                HW_IPCC_Tx_Handler
 .text.HW_IPCC_Enable
                0x00000000080047b4       0x20 Application/User/STM32_WPAN/Target/hw_ipcc.o
                0x00000000080047b4                HW_IPCC_Enable
 .text.HW_IPCC_Init
                0x00000000080047d4       0x2c Application/User/STM32_WPAN/Target/hw_ipcc.o
                0x00000000080047d4                HW_IPCC_Init
 .text.HW_IPCC_BLE_Init
                0x0000000008004800       0x14 Application/User/STM32_WPAN/Target/hw_ipcc.o
                0x0000000008004800                HW_IPCC_BLE_Init
 .text.HW_IPCC_BLE_SendCmd
                0x0000000008004814       0x14 Application/User/STM32_WPAN/Target/hw_ipcc.o
                0x0000000008004814                HW_IPCC_BLE_SendCmd
 .text.HW_IPCC_BLE_EvtHandler
                0x0000000008004828       0x18 Application/User/STM32_WPAN/Target/hw_ipcc.o
 .text.HW_IPCC_BLE_AclDataEvtHandler
                0x0000000008004840       0x18 Application/User/STM32_WPAN/Target/hw_ipcc.o
 .text.HW_IPCC_SYS_Init
                0x0000000008004858       0x14 Application/User/STM32_WPAN/Target/hw_ipcc.o
                0x0000000008004858                HW_IPCC_SYS_Init
 .text.HW_IPCC_SYS_SendCmd
                0x000000000800486c       0x1c Application/User/STM32_WPAN/Target/hw_ipcc.o
                0x000000000800486c                HW_IPCC_SYS_SendCmd
 .text.HW_IPCC_SYS_CmdEvtHandler
                0x0000000008004888       0x18 Application/User/STM32_WPAN/Target/hw_ipcc.o
 .text.HW_IPCC_SYS_EvtHandler
                0x00000000080048a0       0x18 Application/User/STM32_WPAN/Target/hw_ipcc.o
 .text.HW_IPCC_MM_SendFreeBuf
                0x00000000080048b8       0x44 Application/User/STM32_WPAN/Target/hw_ipcc.o
                0x00000000080048b8                HW_IPCC_MM_SendFreeBuf
 .text.HW_IPCC_MM_FreeBufHandler
                0x00000000080048fc       0x28 Application/User/STM32_WPAN/Target/hw_ipcc.o
 .text.HW_IPCC_TRACES_Init
                0x0000000008004924       0x14 Application/User/STM32_WPAN/Target/hw_ipcc.o
                0x0000000008004924                HW_IPCC_TRACES_Init
 .text.HW_IPCC_TRACES_EvtHandler
                0x0000000008004938       0x18 Application/User/STM32_WPAN/Target/hw_ipcc.o
 .text.LL_AHB2_GRP1_EnableClock
                0x0000000008004950       0x32 Drivers/BSP/P-NUCLEO-WB55.Nucleo/stm32wbxx_nucleo.o
 *fill*         0x0000000008004982        0x2 
 .text.BSP_LED_Init
                0x0000000008004984       0x74 Drivers/BSP/P-NUCLEO-WB55.Nucleo/stm32wbxx_nucleo.o
                0x0000000008004984                BSP_LED_Init
 .text.BSP_LED_On
                0x00000000080049f8       0x34 Drivers/BSP/P-NUCLEO-WB55.Nucleo/stm32wbxx_nucleo.o
                0x00000000080049f8                BSP_LED_On
 .text.BSP_LED_Off
                0x0000000008004a2c       0x34 Drivers/BSP/P-NUCLEO-WB55.Nucleo/stm32wbxx_nucleo.o
                0x0000000008004a2c                BSP_LED_Off
 .text.BSP_PB_Init
                0x0000000008004a60       0xe4 Drivers/BSP/P-NUCLEO-WB55.Nucleo/stm32wbxx_nucleo.o
                0x0000000008004a60                BSP_PB_Init
 .text.SystemInit
                0x0000000008004b44       0xac Drivers/CMSIS/system_stm32wbxx.o
                0x0000000008004b44                SystemInit
 .text.SystemCoreClockUpdate
                0x0000000008004bf0      0x144 Drivers/CMSIS/system_stm32wbxx.o
                0x0000000008004bf0                SystemCoreClockUpdate
 .text.LL_DBGMCU_EnableDBGSleepMode
                0x0000000008004d34       0x20 Drivers/STM32WBxx_HAL_Driver/stm32wbxx_hal.o
 .text.LL_DBGMCU_EnableDBGStopMode
                0x0000000008004d54       0x20 Drivers/STM32WBxx_HAL_Driver/stm32wbxx_hal.o
 .text.HAL_Init
                0x0000000008004d74       0x40 Drivers/STM32WBxx_HAL_Driver/stm32wbxx_hal.o
                0x0000000008004d74                HAL_Init
 .text.HAL_InitTick
                0x0000000008004db4       0x74 Drivers/STM32WBxx_HAL_Driver/stm32wbxx_hal.o
                0x0000000008004db4                HAL_InitTick
 .text.HAL_IncTick
                0x0000000008004e28       0x28 Drivers/STM32WBxx_HAL_Driver/stm32wbxx_hal.o
                0x0000000008004e28                HAL_IncTick
 .text.HAL_GetTick
                0x0000000008004e50       0x18 Drivers/STM32WBxx_HAL_Driver/stm32wbxx_hal.o
                0x0000000008004e50                HAL_GetTick
 .text.HAL_GetTickPrio
                0x0000000008004e68       0x18 Drivers/STM32WBxx_HAL_Driver/stm32wbxx_hal.o
                0x0000000008004e68                HAL_GetTickPrio
 .text.HAL_GetTickFreq
                0x0000000008004e80       0x18 Drivers/STM32WBxx_HAL_Driver/stm32wbxx_hal.o
                0x0000000008004e80                HAL_GetTickFreq
 .text.HAL_DBGMCU_EnableDBGSleepMode
                0x0000000008004e98        0xc Drivers/STM32WBxx_HAL_Driver/stm32wbxx_hal.o
                0x0000000008004e98                HAL_DBGMCU_EnableDBGSleepMode
 .text.HAL_DBGMCU_EnableDBGStopMode
                0x0000000008004ea4        0xc Drivers/STM32WBxx_HAL_Driver/stm32wbxx_hal.o
                0x0000000008004ea4                HAL_DBGMCU_EnableDBGStopMode
 .text.__NVIC_SetPriorityGrouping
                0x0000000008004eb0       0x48 Drivers/STM32WBxx_HAL_Driver/stm32wbxx_hal_cortex.o
 .text.__NVIC_GetPriorityGrouping
                0x0000000008004ef8       0x1c Drivers/STM32WBxx_HAL_Driver/stm32wbxx_hal_cortex.o
 .text.__NVIC_EnableIRQ
                0x0000000008004f14       0x3c Drivers/STM32WBxx_HAL_Driver/stm32wbxx_hal_cortex.o
 .text.__NVIC_DisableIRQ
                0x0000000008004f50       0x44 Drivers/STM32WBxx_HAL_Driver/stm32wbxx_hal_cortex.o
 .text.__NVIC_SetPendingIRQ
                0x0000000008004f94       0x3c Drivers/STM32WBxx_HAL_Driver/stm32wbxx_hal_cortex.o
 .text.__NVIC_ClearPendingIRQ
                0x0000000008004fd0       0x3c Drivers/STM32WBxx_HAL_Driver/stm32wbxx_hal_cortex.o
 .text.__NVIC_SetPriority
                0x000000000800500c       0x54 Drivers/STM32WBxx_HAL_Driver/stm32wbxx_hal_cortex.o
 .text.NVIC_EncodePriority
                0x0000000008005060       0x66 Drivers/STM32WBxx_HAL_Driver/stm32wbxx_hal_cortex.o
 *fill*         0x00000000080050c6        0x2 
 .text.SysTick_Config
                0x00000000080050c8       0x44 Drivers/STM32WBxx_HAL_Driver/stm32wbxx_hal_cortex.o
 .text.HAL_NVIC_SetPriorityGrouping
                0x000000000800510c       0x16 Drivers/STM32WBxx_HAL_Driver/stm32wbxx_hal_cortex.o
                0x000000000800510c                HAL_NVIC_SetPriorityGrouping
 .text.HAL_NVIC_SetPriority
                0x0000000008005122       0x34 Drivers/STM32WBxx_HAL_Driver/stm32wbxx_hal_cortex.o
                0x0000000008005122                HAL_NVIC_SetPriority
 .text.HAL_NVIC_EnableIRQ
                0x0000000008005156       0x1c Drivers/STM32WBxx_HAL_Driver/stm32wbxx_hal_cortex.o
                0x0000000008005156                HAL_NVIC_EnableIRQ
 .text.HAL_NVIC_DisableIRQ
                0x0000000008005172       0x1c Drivers/STM32WBxx_HAL_Driver/stm32wbxx_hal_cortex.o
                0x0000000008005172                HAL_NVIC_DisableIRQ
 .text.HAL_SYSTICK_Config
                0x000000000800518e       0x18 Drivers/STM32WBxx_HAL_Driver/stm32wbxx_hal_cortex.o
                0x000000000800518e                HAL_SYSTICK_Config
 .text.HAL_NVIC_SetPendingIRQ
                0x00000000080051a6       0x1c Drivers/STM32WBxx_HAL_Driver/stm32wbxx_hal_cortex.o
                0x00000000080051a6                HAL_NVIC_SetPendingIRQ
 .text.HAL_NVIC_ClearPendingIRQ
                0x00000000080051c2       0x1c Drivers/STM32WBxx_HAL_Driver/stm32wbxx_hal_cortex.o
                0x00000000080051c2                HAL_NVIC_ClearPendingIRQ
 *fill*         0x00000000080051de        0x2 
 .text.HAL_DMA_Init
                0x00000000080051e0      0x150 Drivers/STM32WBxx_HAL_Driver/stm32wbxx_hal_dma.o
                0x00000000080051e0                HAL_DMA_Init
 .text.HAL_DMA_Start_IT
                0x0000000008005330       0xf6 Drivers/STM32WBxx_HAL_Driver/stm32wbxx_hal_dma.o
                0x0000000008005330                HAL_DMA_Start_IT
 .text.HAL_DMA_Abort_IT
                0x0000000008005426       0xbe Drivers/STM32WBxx_HAL_Driver/stm32wbxx_hal_dma.o
                0x0000000008005426                HAL_DMA_Abort_IT
 .text.HAL_DMA_IRQHandler
                0x00000000080054e4      0x15e Drivers/STM32WBxx_HAL_Driver/stm32wbxx_hal_dma.o
                0x00000000080054e4                HAL_DMA_IRQHandler
 .text.DMA_SetConfig
                0x0000000008005642       0x7c Drivers/STM32WBxx_HAL_Driver/stm32wbxx_hal_dma.o
 *fill*         0x00000000080056be        0x2 
 .text.DMA_CalcDMAMUXChannelBaseAndMask
                0x00000000080056c0       0x7c Drivers/STM32WBxx_HAL_Driver/stm32wbxx_hal_dma.o
 .text.DMA_CalcDMAMUXRequestGenBaseAndMask
                0x000000000800573c       0x4c Drivers/STM32WBxx_HAL_Driver/stm32wbxx_hal_dma.o
 .text.HAL_DMAEx_ConfigMuxSync
                0x0000000008005788       0x80 Drivers/STM32WBxx_HAL_Driver/stm32wbxx_hal_dma_ex.o
                0x0000000008005788                HAL_DMAEx_ConfigMuxSync
 .text.HAL_GPIO_Init
                0x0000000008005808      0x2e0 Drivers/STM32WBxx_HAL_Driver/stm32wbxx_hal_gpio.o
                0x0000000008005808                HAL_GPIO_Init
 .text.HAL_GPIO_WritePin
                0x0000000008005ae8       0x30 Drivers/STM32WBxx_HAL_Driver/stm32wbxx_hal_gpio.o
                0x0000000008005ae8                HAL_GPIO_WritePin
 .text.HAL_GPIO_EXTI_IRQHandler
                0x0000000008005b18       0x30 Drivers/STM32WBxx_HAL_Driver/stm32wbxx_hal_gpio.o
                0x0000000008005b18                HAL_GPIO_EXTI_IRQHandler
 .text.HAL_HSEM_IRQHandler
                0x0000000008005b48       0x34 Drivers/STM32WBxx_HAL_Driver/stm32wbxx_hal_hsem.o
                0x0000000008005b48                HAL_HSEM_IRQHandler
 .text.HAL_HSEM_FreeCallback
                0x0000000008005b7c       0x14 Drivers/STM32WBxx_HAL_Driver/stm32wbxx_hal_hsem.o
                0x0000000008005b7c                HAL_HSEM_FreeCallback
 .text.HAL_PWR_EnableBkUpAccess
                0x0000000008005b90       0x20 Drivers/STM32WBxx_HAL_Driver/stm32wbxx_hal_pwr.o
                0x0000000008005b90                HAL_PWR_EnableBkUpAccess
 .text.HAL_PWREx_GetVoltageRange
                0x0000000008005bb0       0x1c Drivers/STM32WBxx_HAL_Driver/stm32wbxx_hal_pwr_ex.o
                0x0000000008005bb0                HAL_PWREx_GetVoltageRange
 .text.LL_RCC_HSE_IsEnabledDiv2
                0x0000000008005bcc       0x24 Drivers/STM32WBxx_HAL_Driver/stm32wbxx_hal_rcc.o
 .text.LL_RCC_HSE_EnableBypass
                0x0000000008005bf0       0x1e Drivers/STM32WBxx_HAL_Driver/stm32wbxx_hal_rcc.o
 .text.LL_RCC_HSE_DisableBypass
                0x0000000008005c0e       0x1e Drivers/STM32WBxx_HAL_Driver/stm32wbxx_hal_rcc.o
 .text.LL_RCC_HSE_Enable
                0x0000000008005c2c       0x1e Drivers/STM32WBxx_HAL_Driver/stm32wbxx_hal_rcc.o
 .text.LL_RCC_HSE_Disable
                0x0000000008005c4a       0x1e Drivers/STM32WBxx_HAL_Driver/stm32wbxx_hal_rcc.o
 .text.LL_RCC_HSE_IsReady
                0x0000000008005c68       0x24 Drivers/STM32WBxx_HAL_Driver/stm32wbxx_hal_rcc.o
 .text.LL_RCC_HSI_Enable
                0x0000000008005c8c       0x1e Drivers/STM32WBxx_HAL_Driver/stm32wbxx_hal_rcc.o
 .text.LL_RCC_HSI_Disable
                0x0000000008005caa       0x1e Drivers/STM32WBxx_HAL_Driver/stm32wbxx_hal_rcc.o
 .text.LL_RCC_HSI_IsReady
                0x0000000008005cc8       0x24 Drivers/STM32WBxx_HAL_Driver/stm32wbxx_hal_rcc.o
 .text.LL_RCC_HSI_SetCalibTrimming
                0x0000000008005cec       0x2a Drivers/STM32WBxx_HAL_Driver/stm32wbxx_hal_rcc.o
 .text.LL_RCC_HSI48_Enable
                0x0000000008005d16       0x22 Drivers/STM32WBxx_HAL_Driver/stm32wbxx_hal_rcc.o
 .text.LL_RCC_HSI48_Disable
                0x0000000008005d38       0x22 Drivers/STM32WBxx_HAL_Driver/stm32wbxx_hal_rcc.o
 .text.LL_RCC_HSI48_IsReady
                0x0000000008005d5a       0x24 Drivers/STM32WBxx_HAL_Driver/stm32wbxx_hal_rcc.o
 .text.LL_RCC_LSE_Enable
                0x0000000008005d7e       0x22 Drivers/STM32WBxx_HAL_Driver/stm32wbxx_hal_rcc.o
 .text.LL_RCC_LSE_Disable
                0x0000000008005da0       0x22 Drivers/STM32WBxx_HAL_Driver/stm32wbxx_hal_rcc.o
 .text.LL_RCC_LSE_EnableBypass
                0x0000000008005dc2       0x22 Drivers/STM32WBxx_HAL_Driver/stm32wbxx_hal_rcc.o
 .text.LL_RCC_LSE_DisableBypass
                0x0000000008005de4       0x22 Drivers/STM32WBxx_HAL_Driver/stm32wbxx_hal_rcc.o
 .text.LL_RCC_LSE_IsReady
                0x0000000008005e06       0x24 Drivers/STM32WBxx_HAL_Driver/stm32wbxx_hal_rcc.o
 .text.LL_RCC_LSI1_Enable
                0x0000000008005e2a       0x22 Drivers/STM32WBxx_HAL_Driver/stm32wbxx_hal_rcc.o
 .text.LL_RCC_LSI1_Disable
                0x0000000008005e4c       0x22 Drivers/STM32WBxx_HAL_Driver/stm32wbxx_hal_rcc.o
 .text.LL_RCC_LSI1_IsReady
                0x0000000008005e6e       0x24 Drivers/STM32WBxx_HAL_Driver/stm32wbxx_hal_rcc.o
 .text.LL_RCC_LSI2_Enable
                0x0000000008005e92       0x22 Drivers/STM32WBxx_HAL_Driver/stm32wbxx_hal_rcc.o
 .text.LL_RCC_LSI2_Disable
                0x0000000008005eb4       0x22 Drivers/STM32WBxx_HAL_Driver/stm32wbxx_hal_rcc.o
 .text.LL_RCC_LSI2_IsReady
                0x0000000008005ed6       0x24 Drivers/STM32WBxx_HAL_Driver/stm32wbxx_hal_rcc.o
 .text.LL_RCC_LSI2_SetTrimming
                0x0000000008005efa       0x2e Drivers/STM32WBxx_HAL_Driver/stm32wbxx_hal_rcc.o
 .text.LL_RCC_MSI_Enable
                0x0000000008005f28       0x1e Drivers/STM32WBxx_HAL_Driver/stm32wbxx_hal_rcc.o
 .text.LL_RCC_MSI_Disable
                0x0000000008005f46       0x1e Drivers/STM32WBxx_HAL_Driver/stm32wbxx_hal_rcc.o
 .text.LL_RCC_MSI_IsReady
                0x0000000008005f64       0x22 Drivers/STM32WBxx_HAL_Driver/stm32wbxx_hal_rcc.o
 .text.LL_RCC_MSI_SetRange
                0x0000000008005f86       0x28 Drivers/STM32WBxx_HAL_Driver/stm32wbxx_hal_rcc.o
 .text.LL_RCC_MSI_GetRange
                0x0000000008005fae       0x2a Drivers/STM32WBxx_HAL_Driver/stm32wbxx_hal_rcc.o
 .text.LL_RCC_MSI_SetCalibTrimming
                0x0000000008005fd8       0x2a Drivers/STM32WBxx_HAL_Driver/stm32wbxx_hal_rcc.o
 .text.LL_RCC_SetSysClkSource
                0x0000000008006002       0x28 Drivers/STM32WBxx_HAL_Driver/stm32wbxx_hal_rcc.o
 .text.LL_RCC_GetSysClkSource
                0x000000000800602a       0x18 Drivers/STM32WBxx_HAL_Driver/stm32wbxx_hal_rcc.o
 .text.LL_RCC_SetAHBPrescaler
                0x0000000008006042       0x28 Drivers/STM32WBxx_HAL_Driver/stm32wbxx_hal_rcc.o
 .text.LL_C2_RCC_SetAHBPrescaler
                0x000000000800606a       0x2c Drivers/STM32WBxx_HAL_Driver/stm32wbxx_hal_rcc.o
 .text.LL_RCC_SetAHB4Prescaler
                0x0000000008006096       0x2e Drivers/STM32WBxx_HAL_Driver/stm32wbxx_hal_rcc.o
 .text.LL_RCC_SetAPB1Prescaler
                0x00000000080060c4       0x28 Drivers/STM32WBxx_HAL_Driver/stm32wbxx_hal_rcc.o
 .text.LL_RCC_SetAPB2Prescaler
                0x00000000080060ec       0x28 Drivers/STM32WBxx_HAL_Driver/stm32wbxx_hal_rcc.o
 .text.LL_RCC_GetAHBPrescaler
                0x0000000008006114       0x18 Drivers/STM32WBxx_HAL_Driver/stm32wbxx_hal_rcc.o
 .text.LL_RCC_GetAHB4Prescaler
                0x000000000800612c       0x1c Drivers/STM32WBxx_HAL_Driver/stm32wbxx_hal_rcc.o
 .text.LL_RCC_GetAPB1Prescaler
                0x0000000008006148       0x18 Drivers/STM32WBxx_HAL_Driver/stm32wbxx_hal_rcc.o
 .text.LL_RCC_GetAPB2Prescaler
                0x0000000008006160       0x18 Drivers/STM32WBxx_HAL_Driver/stm32wbxx_hal_rcc.o
 .text.LL_RCC_PLL_Enable
                0x0000000008006178       0x1e Drivers/STM32WBxx_HAL_Driver/stm32wbxx_hal_rcc.o
 .text.LL_RCC_PLL_Disable
                0x0000000008006196       0x1e Drivers/STM32WBxx_HAL_Driver/stm32wbxx_hal_rcc.o
 .text.LL_RCC_PLL_IsReady
                0x00000000080061b4       0x24 Drivers/STM32WBxx_HAL_Driver/stm32wbxx_hal_rcc.o
 .text.LL_RCC_PLL_GetN
                0x00000000080061d8       0x1a Drivers/STM32WBxx_HAL_Driver/stm32wbxx_hal_rcc.o
 .text.LL_RCC_PLL_GetR
                0x00000000080061f2       0x18 Drivers/STM32WBxx_HAL_Driver/stm32wbxx_hal_rcc.o
 .text.LL_RCC_PLL_GetDivider
                0x000000000800620a       0x18 Drivers/STM32WBxx_HAL_Driver/stm32wbxx_hal_rcc.o
 .text.LL_RCC_PLL_GetMainSource
                0x0000000008006222       0x18 Drivers/STM32WBxx_HAL_Driver/stm32wbxx_hal_rcc.o
 .text.LL_RCC_IsActiveFlag_HPRE
                0x000000000800623a       0x24 Drivers/STM32WBxx_HAL_Driver/stm32wbxx_hal_rcc.o
 .text.LL_RCC_IsActiveFlag_C2HPRE
                0x000000000800625e       0x26 Drivers/STM32WBxx_HAL_Driver/stm32wbxx_hal_rcc.o
 .text.LL_RCC_IsActiveFlag_SHDHPRE
                0x0000000008006284       0x26 Drivers/STM32WBxx_HAL_Driver/stm32wbxx_hal_rcc.o
 .text.LL_RCC_IsActiveFlag_PPRE1
                0x00000000080062aa       0x24 Drivers/STM32WBxx_HAL_Driver/stm32wbxx_hal_rcc.o
 .text.LL_RCC_IsActiveFlag_PPRE2
                0x00000000080062ce       0x24 Drivers/STM32WBxx_HAL_Driver/stm32wbxx_hal_rcc.o
 *fill*         0x00000000080062f2        0x2 
 .text.HAL_RCC_OscConfig
                0x00000000080062f4      0x728 Drivers/STM32WBxx_HAL_Driver/stm32wbxx_hal_rcc.o
                0x00000000080062f4                HAL_RCC_OscConfig
 .text.HAL_RCC_ClockConfig
                0x0000000008006a1c      0x278 Drivers/STM32WBxx_HAL_Driver/stm32wbxx_hal_rcc.o
                0x0000000008006a1c                HAL_RCC_ClockConfig
 .text.HAL_RCC_GetSysClockFreq
                0x0000000008006c94       0xd4 Drivers/STM32WBxx_HAL_Driver/stm32wbxx_hal_rcc.o
                0x0000000008006c94                HAL_RCC_GetSysClockFreq
 .text.HAL_RCC_GetHCLKFreq
                0x0000000008006d68       0x28 Drivers/STM32WBxx_HAL_Driver/stm32wbxx_hal_rcc.o
                0x0000000008006d68                HAL_RCC_GetHCLKFreq
 .text.HAL_RCC_GetPCLK1Freq
                0x0000000008006d90       0x2c Drivers/STM32WBxx_HAL_Driver/stm32wbxx_hal_rcc.o
                0x0000000008006d90                HAL_RCC_GetPCLK1Freq
 .text.HAL_RCC_GetPCLK2Freq
                0x0000000008006dbc       0x2c Drivers/STM32WBxx_HAL_Driver/stm32wbxx_hal_rcc.o
                0x0000000008006dbc                HAL_RCC_GetPCLK2Freq
 .text.RCC_SetFlashLatencyFromMSIRange
                0x0000000008006de8       0x70 Drivers/STM32WBxx_HAL_Driver/stm32wbxx_hal_rcc.o
 .text.RCC_SetFlashLatency
                0x0000000008006e58      0x100 Drivers/STM32WBxx_HAL_Driver/stm32wbxx_hal_rcc.o
 .text.LL_RCC_LSE_IsEnabled
                0x0000000008006f58       0x24 Drivers/STM32WBxx_HAL_Driver/stm32wbxx_hal_rcc_ex.o
 .text.LL_RCC_LSE_IsReady
                0x0000000008006f7c       0x24 Drivers/STM32WBxx_HAL_Driver/stm32wbxx_hal_rcc_ex.o
 .text.LL_RCC_SetRFWKPClockSource
                0x0000000008006fa0       0x2c Drivers/STM32WBxx_HAL_Driver/stm32wbxx_hal_rcc_ex.o
 .text.LL_RCC_SetSMPSClockSource
                0x0000000008006fcc       0x28 Drivers/STM32WBxx_HAL_Driver/stm32wbxx_hal_rcc_ex.o
 .text.LL_RCC_SetSMPSPrescaler
                0x0000000008006ff4       0x28 Drivers/STM32WBxx_HAL_Driver/stm32wbxx_hal_rcc_ex.o
 .text.LL_RCC_SetUSARTClockSource
                0x000000000800701c       0x2c Drivers/STM32WBxx_HAL_Driver/stm32wbxx_hal_rcc_ex.o
 .text.LL_RCC_SetLPUARTClockSource
                0x0000000008007048       0x2c Drivers/STM32WBxx_HAL_Driver/stm32wbxx_hal_rcc_ex.o
 .text.LL_RCC_SetI2CClockSource
                0x0000000008007074       0x3a Drivers/STM32WBxx_HAL_Driver/stm32wbxx_hal_rcc_ex.o
 .text.LL_RCC_SetLPTIMClockSource
                0x00000000080070ae       0x34 Drivers/STM32WBxx_HAL_Driver/stm32wbxx_hal_rcc_ex.o
 .text.LL_RCC_SetSAIClockSource
                0x00000000080070e2       0x2c Drivers/STM32WBxx_HAL_Driver/stm32wbxx_hal_rcc_ex.o
 .text.LL_RCC_SetRNGClockSource
                0x000000000800710e       0x2c Drivers/STM32WBxx_HAL_Driver/stm32wbxx_hal_rcc_ex.o
 .text.LL_RCC_SetCLK48ClockSource
                0x000000000800713a       0x2c Drivers/STM32WBxx_HAL_Driver/stm32wbxx_hal_rcc_ex.o
 .text.LL_RCC_SetUSBClockSource
                0x0000000008007166       0x16 Drivers/STM32WBxx_HAL_Driver/stm32wbxx_hal_rcc_ex.o
 .text.LL_RCC_SetADCClockSource
                0x000000000800717c       0x2c Drivers/STM32WBxx_HAL_Driver/stm32wbxx_hal_rcc_ex.o
 .text.LL_RCC_SetRTCClockSource
                0x00000000080071a8       0x2c Drivers/STM32WBxx_HAL_Driver/stm32wbxx_hal_rcc_ex.o
 .text.LL_RCC_GetRTCClockSource
                0x00000000080071d4       0x1a Drivers/STM32WBxx_HAL_Driver/stm32wbxx_hal_rcc_ex.o
 .text.LL_RCC_ForceBackupDomainReset
                0x00000000080071ee       0x22 Drivers/STM32WBxx_HAL_Driver/stm32wbxx_hal_rcc_ex.o
 .text.LL_RCC_ReleaseBackupDomainReset
                0x0000000008007210       0x22 Drivers/STM32WBxx_HAL_Driver/stm32wbxx_hal_rcc_ex.o
 .text.LL_RCC_PLLSAI1_Enable
                0x0000000008007232       0x1e Drivers/STM32WBxx_HAL_Driver/stm32wbxx_hal_rcc_ex.o
 .text.LL_RCC_PLLSAI1_Disable
                0x0000000008007250       0x1e Drivers/STM32WBxx_HAL_Driver/stm32wbxx_hal_rcc_ex.o
 .text.LL_RCC_PLLSAI1_IsReady
                0x000000000800726e       0x24 Drivers/STM32WBxx_HAL_Driver/stm32wbxx_hal_rcc_ex.o
 .text.HAL_RCCEx_PeriphCLKConfig
                0x0000000008007292      0x2ea Drivers/STM32WBxx_HAL_Driver/stm32wbxx_hal_rcc_ex.o
                0x0000000008007292                HAL_RCCEx_PeriphCLKConfig
 .text.RCCEx_PLLSAI1_ConfigNP
                0x000000000800757c       0xb6 Drivers/STM32WBxx_HAL_Driver/stm32wbxx_hal_rcc_ex.o
 .text.RCCEx_PLLSAI1_ConfigNQ
                0x0000000008007632       0xb6 Drivers/STM32WBxx_HAL_Driver/stm32wbxx_hal_rcc_ex.o
 .text.RCCEx_PLLSAI1_ConfigNR
                0x00000000080076e8       0xb6 Drivers/STM32WBxx_HAL_Driver/stm32wbxx_hal_rcc_ex.o
 .text.HAL_RTC_Init
                0x000000000800779e      0x13c Drivers/STM32WBxx_HAL_Driver/stm32wbxx_hal_rtc.o
                0x000000000800779e                HAL_RTC_Init
 .text.HAL_RTC_WaitForSynchro
                0x00000000080078da       0x4c Drivers/STM32WBxx_HAL_Driver/stm32wbxx_hal_rtc.o
                0x00000000080078da                HAL_RTC_WaitForSynchro
 .text.RTC_EnterInitMode
                0x0000000008007926       0x54 Drivers/STM32WBxx_HAL_Driver/stm32wbxx_hal_rtc.o
                0x0000000008007926                RTC_EnterInitMode
 .text.HAL_RTCEx_EnableBypassShadow
                0x000000000800797a       0x6c Drivers/STM32WBxx_HAL_Driver/stm32wbxx_hal_rtc_ex.o
                0x000000000800797a                HAL_RTCEx_EnableBypassShadow
 .text.LL_RCC_GetUSARTClockSource
                0x00000000080079e6       0x20 Drivers/STM32WBxx_HAL_Driver/stm32wbxx_hal_uart.o
 .text.LL_RCC_GetLPUARTClockSource
                0x0000000008007a06       0x20 Drivers/STM32WBxx_HAL_Driver/stm32wbxx_hal_uart.o
 .text.HAL_UART_Init
                0x0000000008007a26       0xa0 Drivers/STM32WBxx_HAL_Driver/stm32wbxx_hal_uart.o
                0x0000000008007a26                HAL_UART_Init
 *fill*         0x0000000008007ac6        0x2 
 .text.HAL_UART_Transmit_DMA
                0x0000000008007ac8      0x100 Drivers/STM32WBxx_HAL_Driver/stm32wbxx_hal_uart.o
                0x0000000008007ac8                HAL_UART_Transmit_DMA
 .text.HAL_UART_IRQHandler
                0x0000000008007bc8      0x300 Drivers/STM32WBxx_HAL_Driver/stm32wbxx_hal_uart.o
                0x0000000008007bc8                HAL_UART_IRQHandler
 .text.HAL_UART_TxHalfCpltCallback
                0x0000000008007ec8       0x14 Drivers/STM32WBxx_HAL_Driver/stm32wbxx_hal_uart.o
                0x0000000008007ec8                HAL_UART_TxHalfCpltCallback
 .text.HAL_UART_ErrorCallback
                0x0000000008007edc       0x14 Drivers/STM32WBxx_HAL_Driver/stm32wbxx_hal_uart.o
                0x0000000008007edc                HAL_UART_ErrorCallback
 .text.UART_SetConfig
                0x0000000008007ef0      0x41c Drivers/STM32WBxx_HAL_Driver/stm32wbxx_hal_uart.o
                0x0000000008007ef0                UART_SetConfig
 .text.UART_AdvFeatureConfig
                0x000000000800830c      0x144 Drivers/STM32WBxx_HAL_Driver/stm32wbxx_hal_uart.o
                0x000000000800830c                UART_AdvFeatureConfig
 .text.UART_CheckIdleState
                0x0000000008008450       0x90 Drivers/STM32WBxx_HAL_Driver/stm32wbxx_hal_uart.o
                0x0000000008008450                UART_CheckIdleState
 .text.UART_WaitOnFlagUntilTimeout
                0x00000000080084e0      0x100 Drivers/STM32WBxx_HAL_Driver/stm32wbxx_hal_uart.o
                0x00000000080084e0                UART_WaitOnFlagUntilTimeout
 .text.UART_EndTxTransfer
                0x00000000080085e0       0x3c Drivers/STM32WBxx_HAL_Driver/stm32wbxx_hal_uart.o
 .text.UART_EndRxTransfer
                0x000000000800861c       0x46 Drivers/STM32WBxx_HAL_Driver/stm32wbxx_hal_uart.o
 .text.UART_DMATransmitCplt
                0x0000000008008662       0x54 Drivers/STM32WBxx_HAL_Driver/stm32wbxx_hal_uart.o
 .text.UART_DMATxHalfCplt
                0x00000000080086b6       0x1c Drivers/STM32WBxx_HAL_Driver/stm32wbxx_hal_uart.o
 .text.UART_DMAError
                0x00000000080086d2       0x80 Drivers/STM32WBxx_HAL_Driver/stm32wbxx_hal_uart.o
 .text.UART_DMAAbortOnError
                0x0000000008008752       0x2c Drivers/STM32WBxx_HAL_Driver/stm32wbxx_hal_uart.o
 .text.UART_EndTransmit_IT
                0x000000000800877e       0x34 Drivers/STM32WBxx_HAL_Driver/stm32wbxx_hal_uart.o
 .text.HAL_UARTEx_WakeupCallback
                0x00000000080087b2       0x14 Drivers/STM32WBxx_HAL_Driver/stm32wbxx_hal_uart_ex.o
                0x00000000080087b2                HAL_UARTEx_WakeupCallback
 .text.HAL_UARTEx_RxFifoFullCallback
                0x00000000080087c6       0x14 Drivers/STM32WBxx_HAL_Driver/stm32wbxx_hal_uart_ex.o
                0x00000000080087c6                HAL_UARTEx_RxFifoFullCallback
 .text.HAL_UARTEx_TxFifoEmptyCallback
                0x00000000080087da       0x14 Drivers/STM32WBxx_HAL_Driver/stm32wbxx_hal_uart_ex.o
                0x00000000080087da                HAL_UARTEx_TxFifoEmptyCallback
 .text.HAL_UARTEx_DisableFifoMode
                0x00000000080087ee       0x72 Drivers/STM32WBxx_HAL_Driver/stm32wbxx_hal_uart_ex.o
                0x00000000080087ee                HAL_UARTEx_DisableFifoMode
 .text.HAL_UARTEx_SetTxFifoThreshold
                0x0000000008008860       0x7c Drivers/STM32WBxx_HAL_Driver/stm32wbxx_hal_uart_ex.o
                0x0000000008008860                HAL_UARTEx_SetTxFifoThreshold
 .text.HAL_UARTEx_SetRxFifoThreshold
                0x00000000080088dc       0x7c Drivers/STM32WBxx_HAL_Driver/stm32wbxx_hal_uart_ex.o
                0x00000000080088dc                HAL_UARTEx_SetRxFifoThreshold
 .text.UARTEx_SetNbDataToProcess
                0x0000000008008958       0xd0 Drivers/STM32WBxx_HAL_Driver/stm32wbxx_hal_uart_ex.o
 .text.aci_gap_set_discoverable
                0x0000000008008a28      0x1bc Middlewares/STM32_WPAN/ble_gap_aci.o
                0x0000000008008a28                aci_gap_set_discoverable
 .text.aci_gap_set_io_capability
                0x0000000008008be4       0x94 Middlewares/STM32_WPAN/ble_gap_aci.o
                0x0000000008008be4                aci_gap_set_io_capability
 .text.aci_gap_set_authentication_requirement
                0x0000000008008c78      0x150 Middlewares/STM32_WPAN/ble_gap_aci.o
                0x0000000008008c78                aci_gap_set_authentication_requirement
 .text.aci_gap_init
                0x0000000008008dc8      0x116 Middlewares/STM32_WPAN/ble_gap_aci.o
                0x0000000008008dc8                aci_gap_init
 .text.aci_gap_update_adv_data
                0x0000000008008ede       0xb8 Middlewares/STM32_WPAN/ble_gap_aci.o
                0x0000000008008ede                aci_gap_update_adv_data
 .text.aci_gap_configure_whitelist
                0x0000000008008f96       0x48 Middlewares/STM32_WPAN/ble_gap_aci.o
                0x0000000008008f96                aci_gap_configure_whitelist
 .text.aci_gap_start_general_discovery_proc
                0x0000000008008fde       0xf0 Middlewares/STM32_WPAN/ble_gap_aci.o
                0x0000000008008fde                aci_gap_start_general_discovery_proc
 .text.aci_gap_create_connection
                0x00000000080090ce      0x18a Middlewares/STM32_WPAN/ble_gap_aci.o
                0x00000000080090ce                aci_gap_create_connection
 .text.aci_gatt_init
                0x0000000008009258       0x4a Middlewares/STM32_WPAN/ble_gatt_aci.o
                0x0000000008009258                aci_gatt_init
 .text.aci_gatt_add_service
                0x00000000080092a2      0x15e Middlewares/STM32_WPAN/ble_gatt_aci.o
                0x00000000080092a2                aci_gatt_add_service
 .text.aci_gatt_add_char
                0x0000000008009400      0x1d4 Middlewares/STM32_WPAN/ble_gatt_aci.o
                0x0000000008009400                aci_gatt_add_char
 .text.aci_gatt_update_char_value
                0x00000000080095d4      0x10e Middlewares/STM32_WPAN/ble_gatt_aci.o
                0x00000000080095d4                aci_gatt_update_char_value
 .text.aci_gatt_disc_all_primary_services
                0x00000000080096e2       0x9c Middlewares/STM32_WPAN/ble_gatt_aci.o
                0x00000000080096e2                aci_gatt_disc_all_primary_services
 .text.aci_gatt_disc_all_char_of_service
                0x000000000800977e       0xd6 Middlewares/STM32_WPAN/ble_gatt_aci.o
                0x000000000800977e                aci_gatt_disc_all_char_of_service
 .text.aci_gatt_disc_all_char_desc
                0x0000000008009854       0xd6 Middlewares/STM32_WPAN/ble_gatt_aci.o
                0x0000000008009854                aci_gatt_disc_all_char_desc
 .text.aci_gatt_write_char_desc
                0x000000000800992a      0x10a Middlewares/STM32_WPAN/ble_gatt_aci.o
                0x000000000800992a                aci_gatt_write_char_desc
 .text.aci_gatt_write_without_resp
                0x0000000008009a34      0x104 Middlewares/STM32_WPAN/ble_gatt_aci.o
                0x0000000008009a34                aci_gatt_write_without_resp
 .text.aci_hal_write_config_data
                0x0000000008009b38       0xd2 Middlewares/STM32_WPAN/ble_hal_aci.o
                0x0000000008009b38                aci_hal_write_config_data
 .text.aci_hal_set_tx_power_level
                0x0000000008009c0a       0xae Middlewares/STM32_WPAN/ble_hal_aci.o
                0x0000000008009c0a                aci_hal_set_tx_power_level
 .text.hci_reset
                0x0000000008009cb8       0x48 Middlewares/STM32_WPAN/ble_hci_le.o
                0x0000000008009cb8                hci_reset
 .text.aci_l2cap_connection_parameter_update_resp
                0x0000000008009d00      0x150 Middlewares/STM32_WPAN/ble_l2cap_aci.o
                0x0000000008009d00                aci_l2cap_connection_parameter_update_resp
 .text.DbgTrace_TxCpltCallback
                0x0000000008009e50       0x6c Middlewares/STM32_WPAN/dbg_trace.o
 .text.DbgTraceInit
                0x0000000008009ebc       0x2c Middlewares/STM32_WPAN/dbg_trace.o
                0x0000000008009ebc                DbgTraceInit
 .text._write   0x0000000008009ee8       0x20 Middlewares/STM32_WPAN/dbg_trace.o
                0x0000000008009ee8                _write
 .text.DbgTraceWrite
                0x0000000008009f08       0xa8 Middlewares/STM32_WPAN/dbg_trace.o
                0x0000000008009f08                DbgTraceWrite
 .text.EndDeviceManagement_Event_Handler
                0x0000000008009fb0       0x94 Middlewares/STM32_WPAN/eds_stm.o
 .text.EDS_STM_Init
                0x000000000800a044       0xd8 Middlewares/STM32_WPAN/eds_stm.o
                0x000000000800a044                EDS_STM_Init
 .text.EDS_STM_Update_Char
                0x000000000800a11c       0x44 Middlewares/STM32_WPAN/eds_stm.o
                0x000000000800a11c                EDS_STM_Update_Char
 .text.hci_init
                0x000000000800a160       0x38 Middlewares/STM32_WPAN/hci_tl.o
                0x000000000800a160                hci_init
 .text.hci_user_evt_proc
                0x000000000800a198       0x9c Middlewares/STM32_WPAN/hci_tl.o
                0x000000000800a198                hci_user_evt_proc
 .text.hci_send_req
                0x000000000800a234       0xfc Middlewares/STM32_WPAN/hci_tl.o
                0x000000000800a234                hci_send_req
 .text.TlInit   0x000000000800a330       0x60 Middlewares/STM32_WPAN/hci_tl.o
 .text.SendCmd  0x000000000800a390       0x4c Middlewares/STM32_WPAN/hci_tl.o
 .text.NotifyCmdStatus
                0x000000000800a3dc       0x40 Middlewares/STM32_WPAN/hci_tl.o
 .text.TlEvtReceived
                0x000000000800a41c       0x48 Middlewares/STM32_WPAN/hci_tl.o
 .text.hci_register_io_bus
                0x000000000800a464       0x28 Middlewares/STM32_WPAN/hci_tl_if.o
                0x000000000800a464                hci_register_io_bus
 .text.Osal_MemCpy
                0x000000000800a48c       0x20 Middlewares/STM32_WPAN/osal.o
                0x000000000800a48c                Osal_MemCpy
 .text.Osal_MemSet
                0x000000000800a4ac       0x20 Middlewares/STM32_WPAN/osal.o
                0x000000000800a4ac                Osal_MemSet
 .text.OTP_Read
                0x000000000800a4cc       0x50 Middlewares/STM32_WPAN/otp.o
                0x000000000800a4cc                OTP_Read
 .text.PeerToPeer_Event_Handler
                0x000000000800a51c       0xc4 Middlewares/STM32_WPAN/p2p_stm.o
 .text.P2PS_STM_Init
                0x000000000800a5e0      0x140 Middlewares/STM32_WPAN/p2p_stm.o
                0x000000000800a5e0                P2PS_STM_Init
 .text.P2PS_STM_App_Update_Char
                0x000000000800a720       0x44 Middlewares/STM32_WPAN/p2p_stm.o
                0x000000000800a720                P2PS_STM_App_Update_Char
 .text.SHCI_C2_BLE_Init
                0x000000000800a764       0x2e Middlewares/STM32_WPAN/shci.o
                0x000000000800a764                SHCI_C2_BLE_Init
 .text.SHCI_C2_DEBUG_Init
                0x000000000800a792       0x2e Middlewares/STM32_WPAN/shci.o
                0x000000000800a792                SHCI_C2_DEBUG_Init
 .text.shci_init
                0x000000000800a7c0       0x38 Middlewares/STM32_WPAN/shci_tl.o
                0x000000000800a7c0                shci_init
 .text.shci_user_evt_proc
                0x000000000800a7f8       0x9c Middlewares/STM32_WPAN/shci_tl.o
                0x000000000800a7f8                shci_user_evt_proc
 .text.shci_send
                0x000000000800a894       0x7c Middlewares/STM32_WPAN/shci_tl.o
                0x000000000800a894                shci_send
 .text.TlInit   0x000000000800a910       0x64 Middlewares/STM32_WPAN/shci_tl.o
 .text.Cmd_SetStatus
                0x000000000800a974       0x50 Middlewares/STM32_WPAN/shci_tl.o
 .text.TlCmdEvtReceived
                0x000000000800a9c4       0x16 Middlewares/STM32_WPAN/shci_tl.o
 *fill*         0x000000000800a9da        0x2 
 .text.TlUserEvtReceived
                0x000000000800a9dc       0x24 Middlewares/STM32_WPAN/shci_tl.o
 .text.shci_register_io_bus
                0x000000000800aa00       0x28 Middlewares/STM32_WPAN/shci_tl_if.o
                0x000000000800aa00                shci_register_io_bus
 .text.LST_init_head
                0x000000000800aa28       0x20 Middlewares/STM32_WPAN/stm_list.o
                0x000000000800aa28                LST_init_head
 .text.LST_is_empty
                0x000000000800aa48       0x40 Middlewares/STM32_WPAN/stm_list.o
                0x000000000800aa48                LST_is_empty
 .text.LST_insert_head
                0x000000000800aa88       0x48 Middlewares/STM32_WPAN/stm_list.o
                0x000000000800aa88                LST_insert_head
 .text.LST_insert_tail
                0x000000000800aad0       0x48 Middlewares/STM32_WPAN/stm_list.o
                0x000000000800aad0                LST_insert_tail
 .text.LST_remove_node
                0x000000000800ab18       0x3e Middlewares/STM32_WPAN/stm_list.o
                0x000000000800ab18                LST_remove_node
 .text.LST_remove_head
                0x000000000800ab56       0x3a Middlewares/STM32_WPAN/stm_list.o
                0x000000000800ab56                LST_remove_head
 .text.CircularQueue_Init
                0x000000000800ab90       0x64 Middlewares/STM32_WPAN/stm_queue.o
                0x000000000800ab90                CircularQueue_Init
 .text.CircularQueue_Add
                0x000000000800abf4      0x44e Middlewares/STM32_WPAN/stm_queue.o
                0x000000000800abf4                CircularQueue_Add
 .text.CircularQueue_Remove
                0x000000000800b042      0x1e8 Middlewares/STM32_WPAN/stm_queue.o
                0x000000000800b042                CircularQueue_Remove
 .text.CircularQueue_Sense
                0x000000000800b22a      0x16a Middlewares/STM32_WPAN/stm_queue.o
                0x000000000800b22a                CircularQueue_Sense
 .text.BLS_Init
                0x000000000800b394        0xe Middlewares/STM32_WPAN/svc_ctl.o
                0x000000000800b394                BLS_Init
 .text.CRS_STM_Init
                0x000000000800b3a2        0xe Middlewares/STM32_WPAN/svc_ctl.o
                0x000000000800b3a2                CRS_STM_Init
 .text.DIS_Init
                0x000000000800b3b0        0xe Middlewares/STM32_WPAN/svc_ctl.o
                0x000000000800b3b0                DIS_Init
 .text.HIDS_Init
                0x000000000800b3be        0xe Middlewares/STM32_WPAN/svc_ctl.o
                0x000000000800b3be                HIDS_Init
 .text.HRS_Init
                0x000000000800b3cc        0xe Middlewares/STM32_WPAN/svc_ctl.o
                0x000000000800b3cc                HRS_Init
 .text.HTS_Init
                0x000000000800b3da        0xe Middlewares/STM32_WPAN/svc_ctl.o
                0x000000000800b3da                HTS_Init
 .text.IAS_Init
                0x000000000800b3e8        0xe Middlewares/STM32_WPAN/svc_ctl.o
                0x000000000800b3e8                IAS_Init
 .text.LLS_Init
                0x000000000800b3f6        0xe Middlewares/STM32_WPAN/svc_ctl.o
                0x000000000800b3f6                LLS_Init
 .text.TPS_Init
                0x000000000800b404        0xe Middlewares/STM32_WPAN/svc_ctl.o
                0x000000000800b404                TPS_Init
 .text.MOTENV_STM_Init
                0x000000000800b412        0xe Middlewares/STM32_WPAN/svc_ctl.o
                0x000000000800b412                MOTENV_STM_Init
 .text.OTAS_STM_Init
                0x000000000800b420        0xe Middlewares/STM32_WPAN/svc_ctl.o
                0x000000000800b420                OTAS_STM_Init
 .text.MESH_Init
                0x000000000800b42e        0xe Middlewares/STM32_WPAN/svc_ctl.o
                0x000000000800b42e                MESH_Init
 .text.BVOPUS_STM_Init
                0x000000000800b43c        0xe Middlewares/STM32_WPAN/svc_ctl.o
                0x000000000800b43c                BVOPUS_STM_Init
 .text.SVCCTL_InitCustomSvc
                0x000000000800b44a        0xe Middlewares/STM32_WPAN/svc_ctl.o
                0x000000000800b44a                SVCCTL_InitCustomSvc
 .text.SVCCTL_Init
                0x000000000800b458       0x20 Middlewares/STM32_WPAN/svc_ctl.o
                0x000000000800b458                SVCCTL_Init
 .text.SVCCTL_SvcInit
                0x000000000800b478       0x48 Middlewares/STM32_WPAN/svc_ctl.o
                0x000000000800b478                SVCCTL_SvcInit
 .text.SVCCTL_RegisterSvcHandler
                0x000000000800b4c0       0x34 Middlewares/STM32_WPAN/svc_ctl.o
                0x000000000800b4c0                SVCCTL_RegisterSvcHandler
 .text.SVCCTL_RegisterCltHandler
                0x000000000800b4f4       0x34 Middlewares/STM32_WPAN/svc_ctl.o
                0x000000000800b4f4                SVCCTL_RegisterCltHandler
 .text.SVCCTL_UserEvtRx
                0x000000000800b528       0xdc Middlewares/STM32_WPAN/svc_ctl.o
                0x000000000800b528                SVCCTL_UserEvtRx
 .text.TL_Enable
                0x000000000800b604        0xc Middlewares/STM32_WPAN/tl_mbox.o
                0x000000000800b604                TL_Enable
 .text.TL_Init  0x000000000800b610       0x74 Middlewares/STM32_WPAN/tl_mbox.o
                0x000000000800b610                TL_Init
 .text.TL_BLE_Init
                0x000000000800b684       0x68 Middlewares/STM32_WPAN/tl_mbox.o
                0x000000000800b684                TL_BLE_Init
 .text.TL_BLE_SendCmd
                0x000000000800b6ec       0x38 Middlewares/STM32_WPAN/tl_mbox.o
                0x000000000800b6ec                TL_BLE_SendCmd
 .text.HW_IPCC_BLE_RxEvtNot
                0x000000000800b724       0x60 Middlewares/STM32_WPAN/tl_mbox.o
                0x000000000800b724                HW_IPCC_BLE_RxEvtNot
 .text.HW_IPCC_BLE_AclDataAckNot
                0x000000000800b784       0x14 Middlewares/STM32_WPAN/tl_mbox.o
                0x000000000800b784                HW_IPCC_BLE_AclDataAckNot
 .text.TL_SYS_Init
                0x000000000800b798       0x54 Middlewares/STM32_WPAN/tl_mbox.o
                0x000000000800b798                TL_SYS_Init
 .text.TL_SYS_SendCmd
                0x000000000800b7ec       0x38 Middlewares/STM32_WPAN/tl_mbox.o
                0x000000000800b7ec                TL_SYS_SendCmd
 .text.HW_IPCC_SYS_CmdEvtNot
                0x000000000800b824       0x2c Middlewares/STM32_WPAN/tl_mbox.o
                0x000000000800b824                HW_IPCC_SYS_CmdEvtNot
 .text.HW_IPCC_SYS_EvtNot
                0x000000000800b850       0x44 Middlewares/STM32_WPAN/tl_mbox.o
                0x000000000800b850                HW_IPCC_SYS_EvtNot
 .text.TL_MM_Init
                0x000000000800b894       0x78 Middlewares/STM32_WPAN/tl_mbox.o
                0x000000000800b894                TL_MM_Init
 .text.TL_MM_EvtDone
                0x000000000800b90c       0x30 Middlewares/STM32_WPAN/tl_mbox.o
                0x000000000800b90c                TL_MM_EvtDone
 .text.SendFreeBuf
                0x000000000800b93c       0x40 Middlewares/STM32_WPAN/tl_mbox.o
 .text.TL_TRACES_Init
                0x000000000800b97c       0x24 Middlewares/STM32_WPAN/tl_mbox.o
                0x000000000800b97c                TL_TRACES_Init
 .text.HW_IPCC_TRACES_EvtNot
                0x000000000800b9a0       0x34 Middlewares/STM32_WPAN/tl_mbox.o
                0x000000000800b9a0                HW_IPCC_TRACES_EvtNot
 .text.TL_TRACES_EvtReceived
                0x000000000800b9d4       0x14 Middlewares/STM32_WPAN/tl_mbox.o
                0x000000000800b9d4                TL_TRACES_EvtReceived
 .text.OutputDbgTrace
                0x000000000800b9e8       0xb4 Middlewares/STM32_WPAN/tl_mbox.o
 .text.UTIL_LPM_Init
                0x000000000800ba9c       0x24 Utilities/stm32_lpm.o
                0x000000000800ba9c                UTIL_LPM_Init
 .text.UTIL_LPM_SetOffMode
                0x000000000800bac0       0x5c Utilities/stm32_lpm.o
                0x000000000800bac0                UTIL_LPM_SetOffMode
 .text.UTIL_SEQ_Run
                0x000000000800bb1c      0x1c0 Utilities/stm32_seq.o
                0x000000000800bb1c                UTIL_SEQ_Run
 .text.UTIL_SEQ_RegTask
                0x000000000800bcdc       0x40 Utilities/stm32_seq.o
                0x000000000800bcdc                UTIL_SEQ_RegTask
 .text.UTIL_SEQ_SetTask
                0x000000000800bd1c       0x54 Utilities/stm32_seq.o
                0x000000000800bd1c                UTIL_SEQ_SetTask
 .text.UTIL_SEQ_PauseTask
                0x000000000800bd70       0x3c Utilities/stm32_seq.o
                0x000000000800bd70                UTIL_SEQ_PauseTask
 .text.UTIL_SEQ_ResumeTask
                0x000000000800bdac       0x3c Utilities/stm32_seq.o
                0x000000000800bdac                UTIL_SEQ_ResumeTask
 .text.UTIL_SEQ_SetEvt
                0x000000000800bde8       0x3c Utilities/stm32_seq.o
                0x000000000800bde8                UTIL_SEQ_SetEvt
 .text.UTIL_SEQ_WaitEvt
                0x000000000800be24       0x84 Utilities/stm32_seq.o
                0x000000000800be24                UTIL_SEQ_WaitEvt
 .text.UTIL_SEQ_PreIdle
                0x000000000800bea8        0xe Utilities/stm32_seq.o
                0x000000000800bea8                UTIL_SEQ_PreIdle
 .text.UTIL_SEQ_PostIdle
                0x000000000800beb6        0xe Utilities/stm32_seq.o
                0x000000000800beb6                UTIL_SEQ_PostIdle
 .text.SEQ_BitPosition
                0x000000000800bec4       0x74 Utilities/stm32_seq.o
                0x000000000800bec4                SEQ_BitPosition
 .text.__errno  0x000000000800bf38        0xc c:/st/stm32cubeide_1.4.0/stm32cubeide/plugins/com.st.stm32cube.ide.mcu.externaltools.gnu-tools-for-stm32.7-2018-q2-update.win32_1.4.0.202007081208/tools/bin/../lib/gcc/arm-none-eabi/7.3.1/../../../../arm-none-eabi/lib/thumb/v7e-m/fpv4-sp/hard\libc_nano.a(lib_a-errno.o)
                0x000000000800bf38                __errno
 .text.__libc_init_array
                0x000000000800bf44       0x48 c:/st/stm32cubeide_1.4.0/stm32cubeide/plugins/com.st.stm32cube.ide.mcu.externaltools.gnu-tools-for-stm32.7-2018-q2-update.win32_1.4.0.202007081208/tools/bin/../lib/gcc/arm-none-eabi/7.3.1/../../../../arm-none-eabi/lib/thumb/v7e-m/fpv4-sp/hard\libc_nano.a(lib_a-init.o)
                0x000000000800bf44                __libc_init_array
 .text.memcpy   0x000000000800bf8c       0x16 c:/st/stm32cubeide_1.4.0/stm32cubeide/plugins/com.st.stm32cube.ide.mcu.externaltools.gnu-tools-for-stm32.7-2018-q2-update.win32_1.4.0.202007081208/tools/bin/../lib/gcc/arm-none-eabi/7.3.1/../../../../arm-none-eabi/lib/thumb/v7e-m/fpv4-sp/hard\libc_nano.a(lib_a-memcpy-stub.o)
                0x000000000800bf8c                memcpy
 .text.memset   0x000000000800bfa2       0x10 c:/st/stm32cubeide_1.4.0/stm32cubeide/plugins/com.st.stm32cube.ide.mcu.externaltools.gnu-tools-for-stm32.7-2018-q2-update.win32_1.4.0.202007081208/tools/bin/../lib/gcc/arm-none-eabi/7.3.1/../../../../arm-none-eabi/lib/thumb/v7e-m/fpv4-sp/hard\libc_nano.a(lib_a-memset.o)
                0x000000000800bfa2                memset
 *fill*         0x000000000800bfb2        0x2 
 .text.printf   0x000000000800bfb4       0x30 c:/st/stm32cubeide_1.4.0/stm32cubeide/plugins/com.st.stm32cube.ide.mcu.externaltools.gnu-tools-for-stm32.7-2018-q2-update.win32_1.4.0.202007081208/tools/bin/../lib/gcc/arm-none-eabi/7.3.1/../../../../arm-none-eabi/lib/thumb/v7e-m/fpv4-sp/hard\libc_nano.a(lib_a-printf.o)
                0x000000000800bfb4                iprintf
                0x000000000800bfb4                printf
 .text.putchar  0x000000000800bfe4       0x28 c:/st/stm32cubeide_1.4.0/stm32cubeide/plugins/com.st.stm32cube.ide.mcu.externaltools.gnu-tools-for-stm32.7-2018-q2-update.win32_1.4.0.202007081208/tools/bin/../lib/gcc/arm-none-eabi/7.3.1/../../../../arm-none-eabi/lib/thumb/v7e-m/fpv4-sp/hard\libc_nano.a(lib_a-putchar.o)
                0x000000000800bfe4                putchar
 .text._puts_r  0x000000000800c00c       0xb8 c:/st/stm32cubeide_1.4.0/stm32cubeide/plugins/com.st.stm32cube.ide.mcu.externaltools.gnu-tools-for-stm32.7-2018-q2-update.win32_1.4.0.202007081208/tools/bin/../lib/gcc/arm-none-eabi/7.3.1/../../../../arm-none-eabi/lib/thumb/v7e-m/fpv4-sp/hard\libc_nano.a(lib_a-puts.o)
                0x000000000800c00c                _puts_r
 .text.puts     0x000000000800c0c4       0x10 c:/st/stm32cubeide_1.4.0/stm32cubeide/plugins/com.st.stm32cube.ide.mcu.externaltools.gnu-tools-for-stm32.7-2018-q2-update.win32_1.4.0.202007081208/tools/bin/../lib/gcc/arm-none-eabi/7.3.1/../../../../arm-none-eabi/lib/thumb/v7e-m/fpv4-sp/hard\libc_nano.a(lib_a-puts.o)
                0x000000000800c0c4                puts
 .text.__swbuf_r
                0x000000000800c0d4       0xa4 c:/st/stm32cubeide_1.4.0/stm32cubeide/plugins/com.st.stm32cube.ide.mcu.externaltools.gnu-tools-for-stm32.7-2018-q2-update.win32_1.4.0.202007081208/tools/bin/../lib/gcc/arm-none-eabi/7.3.1/../../../../arm-none-eabi/lib/thumb/v7e-m/fpv4-sp/hard\libc_nano.a(lib_a-wbuf.o)
                0x000000000800c0d4                __swbuf_r
 .text.__swsetup_r
                0x000000000800c178       0xdc c:/st/stm32cubeide_1.4.0/stm32cubeide/plugins/com.st.stm32cube.ide.mcu.externaltools.gnu-tools-for-stm32.7-2018-q2-update.win32_1.4.0.202007081208/tools/bin/../lib/gcc/arm-none-eabi/7.3.1/../../../../arm-none-eabi/lib/thumb/v7e-m/fpv4-sp/hard\libc_nano.a(lib_a-wsetup.o)
                0x000000000800c178                __swsetup_r
 .text.__sflush_r
                0x000000000800c254      0x10c c:/st/stm32cubeide_1.4.0/stm32cubeide/plugins/com.st.stm32cube.ide.mcu.externaltools.gnu-tools-for-stm32.7-2018-q2-update.win32_1.4.0.202007081208/tools/bin/../lib/gcc/arm-none-eabi/7.3.1/../../../../arm-none-eabi/lib/thumb/v7e-m/fpv4-sp/hard\libc_nano.a(lib_a-fflush.o)
                0x000000000800c254                __sflush_r
 .text._fflush_r
                0x000000000800c360       0x54 c:/st/stm32cubeide_1.4.0/stm32cubeide/plugins/com.st.stm32cube.ide.mcu.externaltools.gnu-tools-for-stm32.7-2018-q2-update.win32_1.4.0.202007081208/tools/bin/../lib/gcc/arm-none-eabi/7.3.1/../../../../arm-none-eabi/lib/thumb/v7e-m/fpv4-sp/hard\libc_nano.a(lib_a-fflush.o)
                0x000000000800c360                _fflush_r
 .text.std      0x000000000800c3b4       0x48 c:/st/stm32cubeide_1.4.0/stm32cubeide/plugins/com.st.stm32cube.ide.mcu.externaltools.gnu-tools-for-stm32.7-2018-q2-update.win32_1.4.0.202007081208/tools/bin/../lib/gcc/arm-none-eabi/7.3.1/../../../../arm-none-eabi/lib/thumb/v7e-m/fpv4-sp/hard\libc_nano.a(lib_a-findfp.o)
 .text._cleanup_r
                0x000000000800c3fc        0xc c:/st/stm32cubeide_1.4.0/stm32cubeide/plugins/com.st.stm32cube.ide.mcu.externaltools.gnu-tools-for-stm32.7-2018-q2-update.win32_1.4.0.202007081208/tools/bin/../lib/gcc/arm-none-eabi/7.3.1/../../../../arm-none-eabi/lib/thumb/v7e-m/fpv4-sp/hard\libc_nano.a(lib_a-findfp.o)
                0x000000000800c3fc                _cleanup_r
 .text.__sfmoreglue
                0x000000000800c408       0x2c c:/st/stm32cubeide_1.4.0/stm32cubeide/plugins/com.st.stm32cube.ide.mcu.externaltools.gnu-tools-for-stm32.7-2018-q2-update.win32_1.4.0.202007081208/tools/bin/../lib/gcc/arm-none-eabi/7.3.1/../../../../arm-none-eabi/lib/thumb/v7e-m/fpv4-sp/hard\libc_nano.a(lib_a-findfp.o)
                0x000000000800c408                __sfmoreglue
 .text.__sinit  0x000000000800c434       0x60 c:/st/stm32cubeide_1.4.0/stm32cubeide/plugins/com.st.stm32cube.ide.mcu.externaltools.gnu-tools-for-stm32.7-2018-q2-update.win32_1.4.0.202007081208/tools/bin/../lib/gcc/arm-none-eabi/7.3.1/../../../../arm-none-eabi/lib/thumb/v7e-m/fpv4-sp/hard\libc_nano.a(lib_a-findfp.o)
                0x000000000800c434                __sinit
 .text.__sfp    0x000000000800c494       0x78 c:/st/stm32cubeide_1.4.0/stm32cubeide/plugins/com.st.stm32cube.ide.mcu.externaltools.gnu-tools-for-stm32.7-2018-q2-update.win32_1.4.0.202007081208/tools/bin/../lib/gcc/arm-none-eabi/7.3.1/../../../../arm-none-eabi/lib/thumb/v7e-m/fpv4-sp/hard\libc_nano.a(lib_a-findfp.o)
                0x000000000800c494                __sfp
 .text._fwalk_reent
                0x000000000800c50c       0x3c c:/st/stm32cubeide_1.4.0/stm32cubeide/plugins/com.st.stm32cube.ide.mcu.externaltools.gnu-tools-for-stm32.7-2018-q2-update.win32_1.4.0.202007081208/tools/bin/../lib/gcc/arm-none-eabi/7.3.1/../../../../arm-none-eabi/lib/thumb/v7e-m/fpv4-sp/hard\libc_nano.a(lib_a-fwalk.o)
                0x000000000800c50c                _fwalk_reent
 .text.__swhatbuf_r
                0x000000000800c548       0x48 c:/st/stm32cubeide_1.4.0/stm32cubeide/plugins/com.st.stm32cube.ide.mcu.externaltools.gnu-tools-for-stm32.7-2018-q2-update.win32_1.4.0.202007081208/tools/bin/../lib/gcc/arm-none-eabi/7.3.1/../../../../arm-none-eabi/lib/thumb/v7e-m/fpv4-sp/hard\libc_nano.a(lib_a-makebuf.o)
                0x000000000800c548                __swhatbuf_r
 .text.__smakebuf_r
                0x000000000800c590       0x80 c:/st/stm32cubeide_1.4.0/stm32cubeide/plugins/com.st.stm32cube.ide.mcu.externaltools.gnu-tools-for-stm32.7-2018-q2-update.win32_1.4.0.202007081208/tools/bin/../lib/gcc/arm-none-eabi/7.3.1/../../../../arm-none-eabi/lib/thumb/v7e-m/fpv4-sp/hard\libc_nano.a(lib_a-makebuf.o)
                0x000000000800c590                __smakebuf_r
 .text._free_r  0x000000000800c610       0x9c c:/st/stm32cubeide_1.4.0/stm32cubeide/plugins/com.st.stm32cube.ide.mcu.externaltools.gnu-tools-for-stm32.7-2018-q2-update.win32_1.4.0.202007081208/tools/bin/../lib/gcc/arm-none-eabi/7.3.1/../../../../arm-none-eabi/lib/thumb/v7e-m/fpv4-sp/hard\libc_nano.a(lib_a-nano-freer.o)
                0x000000000800c610                _free_r
 .text._malloc_r
                0x000000000800c6ac       0xb4 c:/st/stm32cubeide_1.4.0/stm32cubeide/plugins/com.st.stm32cube.ide.mcu.externaltools.gnu-tools-for-stm32.7-2018-q2-update.win32_1.4.0.202007081208/tools/bin/../lib/gcc/arm-none-eabi/7.3.1/../../../../arm-none-eabi/lib/thumb/v7e-m/fpv4-sp/hard\libc_nano.a(lib_a-nano-mallocr.o)
                0x000000000800c6ac                _malloc_r
 .text.__sfputc_r
                0x000000000800c760       0x2e c:/st/stm32cubeide_1.4.0/stm32cubeide/plugins/com.st.stm32cube.ide.mcu.externaltools.gnu-tools-for-stm32.7-2018-q2-update.win32_1.4.0.202007081208/tools/bin/../lib/gcc/arm-none-eabi/7.3.1/../../../../arm-none-eabi/lib/thumb/v7e-m/fpv4-sp/hard\libc_nano.a(lib_a-nano-vfprintf.o)
 .text.__sfputs_r
                0x000000000800c78e       0x24 c:/st/stm32cubeide_1.4.0/stm32cubeide/plugins/com.st.stm32cube.ide.mcu.externaltools.gnu-tools-for-stm32.7-2018-q2-update.win32_1.4.0.202007081208/tools/bin/../lib/gcc/arm-none-eabi/7.3.1/../../../../arm-none-eabi/lib/thumb/v7e-m/fpv4-sp/hard\libc_nano.a(lib_a-nano-vfprintf.o)
                0x000000000800c78e                __sfputs_r
 *fill*         0x000000000800c7b2        0x2 
 .text._vfprintf_r
                0x000000000800c7b4      0x22c c:/st/stm32cubeide_1.4.0/stm32cubeide/plugins/com.st.stm32cube.ide.mcu.externaltools.gnu-tools-for-stm32.7-2018-q2-update.win32_1.4.0.202007081208/tools/bin/../lib/gcc/arm-none-eabi/7.3.1/../../../../arm-none-eabi/lib/thumb/v7e-m/fpv4-sp/hard\libc_nano.a(lib_a-nano-vfprintf.o)
                0x000000000800c7b4                _vfprintf_r
                0x000000000800c7b4                _vfiprintf_r
 .text._printf_common
                0x000000000800c9e0       0xea c:/st/stm32cubeide_1.4.0/stm32cubeide/plugins/com.st.stm32cube.ide.mcu.externaltools.gnu-tools-for-stm32.7-2018-q2-update.win32_1.4.0.202007081208/tools/bin/../lib/gcc/arm-none-eabi/7.3.1/../../../../arm-none-eabi/lib/thumb/v7e-m/fpv4-sp/hard\libc_nano.a(lib_a-nano-vfprintf_i.o)
                0x000000000800c9e0                _printf_common
 *fill*         0x000000000800caca        0x2 
 .text._printf_i
                0x000000000800cacc      0x224 c:/st/stm32cubeide_1.4.0/stm32cubeide/plugins/com.st.stm32cube.ide.mcu.externaltools.gnu-tools-for-stm32.7-2018-q2-update.win32_1.4.0.202007081208/tools/bin/../lib/gcc/arm-none-eabi/7.3.1/../../../../arm-none-eabi/lib/thumb/v7e-m/fpv4-sp/hard\libc_nano.a(lib_a-nano-vfprintf_i.o)
                0x000000000800cacc                _printf_i
 .text._putc_r  0x000000000800ccf0       0x6c c:/st/stm32cubeide_1.4.0/stm32cubeide/plugins/com.st.stm32cube.ide.mcu.externaltools.gnu-tools-for-stm32.7-2018-q2-update.win32_1.4.0.202007081208/tools/bin/../lib/gcc/arm-none-eabi/7.3.1/../../../../arm-none-eabi/lib/thumb/v7e-m/fpv4-sp/hard\libc_nano.a(lib_a-putc.o)
                0x000000000800ccf0                _putc_r
 .text._sbrk_r  0x000000000800cd5c       0x20 c:/st/stm32cubeide_1.4.0/stm32cubeide/plugins/com.st.stm32cube.ide.mcu.externaltools.gnu-tools-for-stm32.7-2018-q2-update.win32_1.4.0.202007081208/tools/bin/../lib/gcc/arm-none-eabi/7.3.1/../../../../arm-none-eabi/lib/thumb/v7e-m/fpv4-sp/hard\libc_nano.a(lib_a-sbrkr.o)
                0x000000000800cd5c                _sbrk_r
 .text.__sread  0x000000000800cd7c       0x22 c:/st/stm32cubeide_1.4.0/stm32cubeide/plugins/com.st.stm32cube.ide.mcu.externaltools.gnu-tools-for-stm32.7-2018-q2-update.win32_1.4.0.202007081208/tools/bin/../lib/gcc/arm-none-eabi/7.3.1/../../../../arm-none-eabi/lib/thumb/v7e-m/fpv4-sp/hard\libc_nano.a(lib_a-stdio.o)
                0x000000000800cd7c                __sread
 .text.__swrite
                0x000000000800cd9e       0x38 c:/st/stm32cubeide_1.4.0/stm32cubeide/plugins/com.st.stm32cube.ide.mcu.externaltools.gnu-tools-for-stm32.7-2018-q2-update.win32_1.4.0.202007081208/tools/bin/../lib/gcc/arm-none-eabi/7.3.1/../../../../arm-none-eabi/lib/thumb/v7e-m/fpv4-sp/hard\libc_nano.a(lib_a-stdio.o)
                0x000000000800cd9e                __swrite
 .text.__sseek  0x000000000800cdd6       0x24 c:/st/stm32cubeide_1.4.0/stm32cubeide/plugins/com.st.stm32cube.ide.mcu.externaltools.gnu-tools-for-stm32.7-2018-q2-update.win32_1.4.0.202007081208/tools/bin/../lib/gcc/arm-none-eabi/7.3.1/../../../../arm-none-eabi/lib/thumb/v7e-m/fpv4-sp/hard\libc_nano.a(lib_a-stdio.o)
                0x000000000800cdd6                __sseek
 .text.__sclose
                0x000000000800cdfa        0x8 c:/st/stm32cubeide_1.4.0/stm32cubeide/plugins/com.st.stm32cube.ide.mcu.externaltools.gnu-tools-for-stm32.7-2018-q2-update.win32_1.4.0.202007081208/tools/bin/../lib/gcc/arm-none-eabi/7.3.1/../../../../arm-none-eabi/lib/thumb/v7e-m/fpv4-sp/hard\libc_nano.a(lib_a-stdio.o)
                0x000000000800cdfa                __sclose
 *fill*         0x000000000800ce02        0x2 
 .text._write_r
                0x000000000800ce04       0x24 c:/st/stm32cubeide_1.4.0/stm32cubeide/plugins/com.st.stm32cube.ide.mcu.externaltools.gnu-tools-for-stm32.7-2018-q2-update.win32_1.4.0.202007081208/tools/bin/../lib/gcc/arm-none-eabi/7.3.1/../../../../arm-none-eabi/lib/thumb/v7e-m/fpv4-sp/hard\libc_nano.a(lib_a-writer.o)